******************************************************************************
            TI ARM Clang Linker PC v4.0.3                      
******************************************************************************
>> Linked Sat Aug  2 13:12:18 2025

OUTPUT FILE NAME:   <empty_LP_MSPM0G3507_nortos_ticlang.out>
ENTRY POINT SYMBOL: "_c_int00_noargs"  address: 00004589


MEMORY CONFIGURATION

         name            origin    length      used     unused   attr    fill
----------------------  --------  ---------  --------  --------  ----  --------
  FLASH                 00000000   00020000  00005a90  0001a570  R  X
  SRAM                  20200000   00008000  00000982  0000767e  RW X
  BCR_CONFIG            41c00000   000000ff  00000000  000000ff  R   
  BSL_CONFIG            41c00100   00000080  00000000  00000080  R   


SEGMENT ALLOCATION MAP

run origin  load origin   length   init length attrs members
----------  ----------- ---------- ----------- ----- -------
00000000    00000000    00005a90   00005a90    r-x
  00000000    00000000    000000c0   000000c0    r-- .intvecs
  000000c0    000000c0    00004db0   00004db0    r-x .text
  00004e70    00004e70    00000ba8   00000ba8    r-- .rodata
  00005a18    00005a18    00000078   00000078    r-- .cinit
20200000    20200000    00000784   00000000    rw-
  20200000    20200000    00000646   00000000    rw- .bss
  20200648    20200648    0000013c   00000000    rw- .data
20207e00    20207e00    00000200   00000000    rw-
  20207e00    20207e00    00000200   00000000    rw- .stack


SECTION ALLOCATION MAP

 output                                  attributes/
section   page    origin      length       input sections
--------  ----  ----------  ----------   ----------------
.intvecs   0    00000000    000000c0     
                  00000000    000000c0     startup_mspm0g350x_ticlang.o (.intvecs)

.text      0    000000c0    00004db0     
                  000000c0    00000a48     libc.a : e_pow.c.obj (.text.pow)
                  00000b08    000004a0     show.o (.text.oled_show)
                  00000fa8    00000338     uart_callback.o (.text.bt_control)
                  000012e0    00000300     IR_Module.o (.text.IRDM_line_inspection)
                  000015e0    00000284     libc.a : _printfi.c.obj (.text:__TI_printfi_minimal)
                  00001864    000001c4     control.o (.text.Get_RC)
                  00001a28    000001a4     show.o (.text.APP_Show)
                  00001bcc    00000192     libclang_rt.builtins.a : adddf3.S.obj (.text.adddf3_subdf3)
                  00001d5e    00000002                            : aeabi_div0.c.obj (.text.__aeabi_idiv0)
                  00001d60    00000184     key.o (.text.key_scan)
                  00001ee4    0000017c     ti_msp_dl_config.o (.text.SYSCFG_DL_GPIO_init)
                  00002060    00000170     libc.a : e_sqrt.c.obj (.text.sqrt)
                  000021d0    00000120     encoder.o (.text.GROUP1_IRQHandler)
                  000022f0    00000114     oled.o (.text.OLED_ShowChar)
                  00002404    0000010c     motor.o (.text.Set_PWM)
                  00002510    0000010c     libclang_rt.builtins.a : divdf3.S.obj (.text.__divdf3)
                  0000261c    00000104     driverlib.a : dl_timer.o (.text.DL_Timer_initFourCCPWMMode)
                  00002720    000000e8                 : dl_timer.o (.text.DL_Timer_initTimerMode)
                  00002808    000000e4     oled.o (.text.OLED_Init)
                  000028ec    000000e4     control.o (.text.TIMG0_IRQHandler)
                  000029d0    000000e4     libclang_rt.builtins.a : muldf3.S.obj (.text.__muldf3)
                  00002ab4    000000dc     driverlib.a : dl_sysctl_mspm0g1x0x_g3x0x.o (.text.DL_SYSCTL_configSYSPLL)
                  00002b90    000000dc     oled.o (.text.OLED_ShowNumber)
                  00002c6c    000000d8     libc.a : s_scalbn.c.obj (.text.scalbn)
                  00002d44    000000d8     libclang_rt.builtins.a : addsf3.S.obj (.text)
                  00002e1c    000000d4     uart_callback.o (.text.BTBufferHandler)
                  00002ef0    000000cc     control.o (.text.Incremental_PI_Left)
                  00002fbc    000000cc     control.o (.text.Incremental_PI_Right)
                  00003088    000000a0     control.o (.text.Get_Velocity_From_Encoder)
                  00003128    00000090     oled.o (.text.OLED_DrawPoint)
                  000031b8    00000090     board.o (.text.delay_us)
                  00003248    0000008c     ti_msp_dl_config.o (.text.SYSCFG_DL_PWM_0_init)
                  000032d4    0000008c     ti_msp_dl_config.o (.text.SYSCFG_DL_initPower)
                  00003360    0000008c     libclang_rt.builtins.a : mulsf3.S.obj (.text.__mulsf3)
                  000033ec    00000084     ti_msp_dl_config.o (.text.__NVIC_SetPriority)
                  00003470    00000084     empty.o (.text.main)
                  000034f4    00000082     libclang_rt.builtins.a : divsf3.S.obj (.text.__divsf3)
                  00003576    00000002     libc.a : _lock.c.obj (.text._nop)
                  00003578    00000080     control.o (.text.Get_Target_Encoder)
                  000035f8    0000007c     oled.o (.text.OLED_Refresh_Gram)
                  00003674    0000007c     libc.a : copy_decompress_lzss.c.obj (.text:decompress:lzss)
                  000036f0    0000007a     oled.o (.text.OLED_ShowString)
                  0000376a    00000002     --HOLE-- [fill = 0]
                  0000376c    00000074     libclang_rt.builtins.a : comparedf2.c.obj (.text.__gedf2)
                  000037e0    00000074                            : truncdfsf2.S.obj (.text.__truncdfsf2)
                  00003854    0000006e     oled.o (.text.OLED_WR_Byte)
                  000038c2    00000002     --HOLE-- [fill = 0]
                  000038c4    00000068     ti_msp_dl_config.o (.text.SYSCFG_DL_ADC12_VOLTAGE_init)
                  0000392c    00000068     libclang_rt.builtins.a : comparedf2.c.obj (.text.__ledf2)
                  00003994    00000064     adc.o (.text.Get_battery_volt)
                  000039f8    00000062     libclang_rt.builtins.a : aeabi_dcmp.S.obj (.text.__aeabi_dcmp)
                  00003a5a    00000002     --HOLE-- [fill = 0]
                  00003a5c    00000062                            : aeabi_fcmp.S.obj (.text.__aeabi_fcmp)
                  00003abe    00000002     --HOLE-- [fill = 0]
                  00003ac0    00000060     oled.o (.text.OLED_Clear)
                  00003b20    00000060     ti_msp_dl_config.o (.text.SYSCFG_DL_UART_1_init)
                  00003b80    0000005c     ti_msp_dl_config.o (.text.SYSCFG_DL_UART_0_init)
                  00003bdc    0000005c     libc.a : printf.c.obj (.text.printf)
                  00003c38    00000054     control.o (.text.Key)
                  00003c8c    00000050     board.o (.text.fputs)
                  00003cdc    0000004c     ti_msp_dl_config.o (.text.DL_ADC12_initSingleSample)
                  00003d28    0000004c     driverlib.a : dl_dma.o (.text.DL_DMA_initChannel)
                  00003d74    0000004c     ti_msp_dl_config.o (.text.DL_UART_setBaudRateDivisor)
                  00003dc0    0000004a     ti_msp_dl_config.o (.text.DL_ADC12_configConversionMem)
                  00003e0a    00000002     --HOLE-- [fill = 0]
                  00003e0c    0000004a     libclang_rt.builtins.a : fixdfsi.S.obj (.text.__fixdfsi)
                  00003e56    00000002     --HOLE-- [fill = 0]
                  00003e58    00000048     uart_callback.o (.text.BT_DAMConfig)
                  00003ea0    00000048     driverlib.a : dl_uart.o (.text.DL_UART_init)
                  00003ee8    00000048     ti_msp_dl_config.o (.text.SYSCFG_DL_SYSCTL_init)
                  00003f30    00000048     uart_callback.o (.text.UART1_IRQHandler)
                  00003f78    00000044     driverlib.a : dl_sysctl_mspm0g1x0x_g3x0x.o (.text.DL_SYSCTL_switchMCLKfromSYSOSCtoHSCLK)
                  00003fbc    00000044     led.o (.text.LED_Flash)
                  00004000    00000040     driverlib.a : dl_adc12.o (.text.DL_ADC12_setClockConfig)
                  00004040    00000040     libclang_rt.builtins.a : aeabi_uidivmod.S.obj (.text.__aeabi_uidivmod)
                  00004080    00000040                            : extendsfdf2.S.obj (.text.__extendsfdf2)
                  000040c0    0000003c     ti_msp_dl_config.o (.text.DL_Timer_setCounterControl)
                  000040fc    0000003c     libclang_rt.builtins.a : floatsisf.S.obj (.text.__floatsisf)
                  00004138    0000003c                            : comparesf2.S.obj (.text.__gtsf2)
                  00004174    0000003c     libc.a : autoinit.c.obj (.text:__TI_auto_init_nobinit_nopinit)
                  000041b0    0000003a     libclang_rt.builtins.a : comparesf2.S.obj (.text.__eqsf2)
                  000041ea    00000002     --HOLE-- [fill = 0]
                  000041ec    0000003a                            : muldsi3.S.obj (.text.__muldsi3)
                  00004226    00000002     --HOLE-- [fill = 0]
                  00004228    00000038     ti_msp_dl_config.o (.text.SYSCFG_DL_init)
                  00004260    00000038     libclang_rt.builtins.a : fixsfsi.S.obj (.text.__fixsfsi)
                  00004298    00000034     ti_msp_dl_config.o (.text.DL_GPIO_initDigitalInputFeatures)
                  000042cc    00000034     ti_msp_dl_config.o (.text.SYSCFG_DL_TIMER_0_init)
                  00004300    00000030     adc.o (.text.DL_ADC12_getMemResult)
                  00004330    00000030     uart_callback.o (.text.DL_DMA_setTransferSize)
                  00004360    00000030     board.o (.text.delay_ms)
                  00004390    00000030     oled.o (.text.oled_pow)
                  000043c0    0000002c     empty.o (.text.__NVIC_ClearPendingIRQ)
                  000043ec    0000002c     empty.o (.text.__NVIC_EnableIRQ)
                  00004418    0000002c     libclang_rt.builtins.a : floatsidf.S.obj (.text.__floatsidf)
                  00004444    0000002c     board.o (.text.fputc)
                  00004470    00000028     ti_msp_dl_config.o (.text.DL_Common_updateReg)
                  00004498    00000028     uart_callback.o (.text.DL_DMA_setDestAddr)
                  000044c0    00000028     uart_callback.o (.text.DL_DMA_setSrcAddr)
                  000044e8    00000028     ti_msp_dl_config.o (.text.DL_SYSTICK_init)
                  00004510    00000028     ti_msp_dl_config.o (.text.DL_UART_setRXFIFOThreshold)
                  00004538    00000028     ti_msp_dl_config.o (.text.DL_UART_setTXFIFOThreshold)
                  00004560    00000028     libclang_rt.builtins.a : floatunsisf.S.obj (.text.__floatunsisf)
                  00004588    00000028     libc.a : boot_cortex_m.c.obj (.text:_c_int00_noargs)
                  000045b0    00000026     uart_callback.o (.text.DL_DMA_disableChannel)
                  000045d6    00000026     uart_callback.o (.text.DL_DMA_enableChannel)
                  000045fc    00000024     adc.o (.text.ADC1_IRQHandler)
                  00004620    00000024     uart_callback.o (.text.DL_DMA_getTransferSize)
                  00004644    00000022     libc.a : memccpy.c.obj (.text.memccpy)
                  00004666    00000002     --HOLE-- [fill = 0]
                  00004668    00000020     ti_msp_dl_config.o (.text.DL_GPIO_initPeripheralInputFunction)
                  00004688    00000020     ti_msp_dl_config.o (.text.DL_SYSCTL_setFlashWaitState)
                  000046a8    00000020     driverlib.a : dl_uart.o (.text.DL_UART_transmitDataBlocking)
                  000046c8    00000020     key.o (.text.keyValue)
                  000046e8    00000020     control.o (.text.myabs)
                  00004708    0000001e     ti_msp_dl_config.o (.text.DL_UART_setOversampling)
                  00004726    00000002     --HOLE-- [fill = 0]
                  00004728    0000001c     ti_msp_dl_config.o (.text.DL_ADC12_clearInterruptStatus)
                  00004744    0000001c     ti_msp_dl_config.o (.text.DL_ADC12_enableInterrupt)
                  00004760    0000001c     adc.o (.text.DL_ADC12_startConversion)
                  0000477c    0000001c     encoder.o (.text.DL_GPIO_clearInterruptStatus)
                  00004798    0000001c     ti_msp_dl_config.o (.text.DL_GPIO_clearInterruptStatus)
                  000047b4    0000001c     ti_msp_dl_config.o (.text.DL_GPIO_enableInterrupt)
                  000047d0    0000001c     ti_msp_dl_config.o (.text.DL_GPIO_initPeripheralOutputFunction)
                  000047ec    0000001c     ti_msp_dl_config.o (.text.DL_SYSCTL_setSYSOSCFreq)
                  00004808    0000001c     ti_msp_dl_config.o (.text.DL_SYSCTL_setULPCLKDivider)
                  00004824    0000001c     ti_msp_dl_config.o (.text.DL_Timer_enableInterrupt)
                  00004840    0000001c     driverlib.a : dl_timer.o (.text.DL_Timer_setCaptCompUpdateMethod)
                  0000485c    0000001c                 : dl_timer.o (.text.DL_Timer_setClockConfig)
                  00004878    0000001c     ti_msp_dl_config.o (.text.DL_UART_enableInterrupt)
                  00004894    00000018     ti_msp_dl_config.o (.text.DL_ADC12_enablePower)
                  000048ac    00000018     ti_msp_dl_config.o (.text.DL_ADC12_reset)
                  000048c4    00000018     ti_msp_dl_config.o (.text.DL_ADC12_setSampleTime0)
                  000048dc    00000018     ti_msp_dl_config.o (.text.DL_GPIO_enableOutput)
                  000048f4    00000018     ti_msp_dl_config.o (.text.DL_GPIO_enablePower)
                  0000490c    00000018     encoder.o (.text.DL_GPIO_getEnabledInterruptStatus)
                  00004924    00000018     ti_msp_dl_config.o (.text.DL_GPIO_initDigitalOutput)
                  0000493c    00000018     ti_msp_dl_config.o (.text.DL_GPIO_reset)
                  00004954    00000018     motor.o (.text.DL_GPIO_setPins)
                  0000496c    00000018     oled.o (.text.DL_GPIO_setPins)
                  00004984    00000018     ti_msp_dl_config.o (.text.DL_GPIO_setUpperPinsPolarity)
                  0000499c    00000018     led.o (.text.DL_GPIO_togglePins)
                  000049b4    00000018     ti_msp_dl_config.o (.text.DL_SYSCTL_setBORThreshold)
                  000049cc    00000018     ti_msp_dl_config.o (.text.DL_Timer_enablePower)
                  000049e4    00000018     ti_msp_dl_config.o (.text.DL_Timer_reset)
                  000049fc    00000018     driverlib.a : dl_timer.o (.text.DL_Timer_setCaptureCompareOutCtl)
                  00004a14    00000018     ti_msp_dl_config.o (.text.DL_UART_enableDMAReceiveEvent)
                  00004a2c    00000018     ti_msp_dl_config.o (.text.DL_UART_enableFIFOs)
                  00004a44    00000018     ti_msp_dl_config.o (.text.DL_UART_enablePower)
                  00004a5c    00000018     board.o (.text.DL_UART_isBusy)
                  00004a74    00000018     ti_msp_dl_config.o (.text.DL_UART_reset)
                  00004a8c    00000018     ti_msp_dl_config.o (.text.SYSCFG_DL_DMA_CH0_init)
                  00004aa4    00000016     ti_msp_dl_config.o (.text.DL_ADC12_enableConversions)
                  00004aba    00000016     IR_Module.o (.text.DL_GPIO_readPins)
                  00004ad0    00000016     encoder.o (.text.DL_GPIO_readPins)
                  00004ae6    00000016     key.o (.text.DL_GPIO_readPins)
                  00004afc    00000016     ti_msp_dl_config.o (.text.DL_UART_enable)
                  00004b12    00000016     ti_msp_dl_config.o (.text.DL_UART_enableLoopbackMode)
                  00004b28    00000014     led.o (.text.DL_GPIO_clearPins)
                  00004b3c    00000014     motor.o (.text.DL_GPIO_clearPins)
                  00004b50    00000014     oled.o (.text.DL_GPIO_clearPins)
                  00004b64    00000014     ti_msp_dl_config.o (.text.DL_GPIO_clearPins)
                  00004b78    00000014     ti_msp_dl_config.o (.text.DL_SYSCTL_disableSYSPLL)
                  00004b8c    00000014     ti_msp_dl_config.o (.text.DL_Timer_enableClock)
                  00004ba0    00000014     ti_msp_dl_config.o (.text.DL_Timer_setCCPDirection)
                  00004bb4    00000014     uart_callback.o (.text.DL_UART_receiveData)
                  00004bc8    00000014     led.o (.text.LED_ON)
                  00004bdc    00000014     led.o (.text.LED_Toggle)
                  00004bf0    00000014     oled.o (.text.OLED_RST_Clr)
                  00004c04    00000014     oled.o (.text.OLED_RST_Set)
                  00004c18    00000014     oled.o (.text.OLED_RS_Clr)
                  00004c2c    00000014     oled.o (.text.OLED_RS_Set)
                  00004c40    00000014     oled.o (.text.OLED_SCLK_Clr)
                  00004c54    00000014     oled.o (.text.OLED_SCLK_Set)
                  00004c68    00000014     oled.o (.text.OLED_SDIN_Clr)
                  00004c7c    00000014     oled.o (.text.OLED_SDIN_Set)
                  00004c90    00000012     adc.o (.text.DL_ADC12_getPendingInterrupt)
                  00004ca2    00000012     control.o (.text.DL_Timer_getPendingInterrupt)
                  00004cb4    00000012     uart_callback.o (.text.DL_UART_getPendingInterrupt)
                  00004cc6    00000012     driverlib.a : dl_uart.o (.text.DL_UART_setClockConfig)
                  00004cd8    00000012     libc.a : memcpy16.S.obj (.text:TI_memcpy_small)
                  00004cea    00000012            : copy_decompress_none.c.obj (.text:decompress:none)
                  00004cfc    00000010     ti_msp_dl_config.o (.text.DL_SYSCTL_disableHFXT)
                  00004d0c    00000010     ti_msp_dl_config.o (.text.DL_SYSTICK_enable)
                  00004d1c    00000010     driverlib.a : dl_timer.o (.text.DL_Timer_setCaptureCompareValue)
                  00004d2c    00000010     ti_msp_dl_config.o (.text.SYSCFG_DL_SYSTICK_init)
                  00004d3c    00000010     libc.a : copy_zero_init.c.obj (.text:decompress:ZI)
                  00004d4c    0000000e     libclang_rt.builtins.a : aeabi_memset.S.obj (.text.__aeabi_memset)
                  00004d5a    0000000e     libc.a : _printfi.c.obj (.text.strlen)
                  00004d68    0000000e            : strlen.c.obj (.text.strlen)
                  00004d76    0000000e            : memset16.S.obj (.text:TI_memset_small)
                  00004d84    0000000c     board.o (.text.Systick_getTick)
                  00004d90    0000000c     libclang_rt.builtins.a : aeabi_memset.S.obj (.text.__aeabi_memclr)
                  00004d9c    0000000a     driverlib.a : dl_common.o (.text.DL_Common_delayCycles)
                  00004da6    0000000a     libc.a : e_pow.c.obj (.text.OUTLINED_FUNCTION_0)
                  00004db0    00000010     libclang_rt.builtins.a : muldf3.S.obj (.tramp.__aeabi_dmul.1)
                  00004dc0    0000000a     libc.a : e_pow.c.obj (.text.OUTLINED_FUNCTION_1)
                  00004dca    0000000a            : e_pow.c.obj (.text.OUTLINED_FUNCTION_6)
                  00004dd4    00000008            : e_pow.c.obj (.text.OUTLINED_FUNCTION_2)
                  00004ddc    00000010     libclang_rt.builtins.a : adddf3.S.obj (.tramp.__aeabi_dsub.1)
                  00004dec    00000008     ti_msp_dl_config.o (.text.SYSCFG_DL_DMA_init)
                  00004df4    00000008     libc.a : aeabi_portable.c.obj (.text.__aeabi_errno_addr)
                  00004dfc    00000008     libclang_rt.builtins.a : aeabi_memcpy.S.obj (.text.__aeabi_memcpy)
                  00004e04    00000008     libc.a : printf.c.obj (.text._outc)
                  00004e0c    00000008            : printf.c.obj (.text._outs)
                  00004e14    00000006            : e_pow.c.obj (.text.OUTLINED_FUNCTION_3)
                  00004e1a    00000002     --HOLE-- [fill = 0]
                  00004e1c    00000010     libclang_rt.builtins.a : adddf3.S.obj (.tramp.__aeabi_dadd.1)
                  00004e2c    00000006     libc.a : e_pow.c.obj (.text.OUTLINED_FUNCTION_4)
                  00004e32    00000006            : e_pow.c.obj (.text.OUTLINED_FUNCTION_5)
                  00004e38    00000006            : exit.c.obj (.text:abort)
                  00004e3e    00000004     startup_mspm0g350x_ticlang.o (.text.Default_Handler)
                  00004e42    00000004     libsysbm.a : hostexit.c.obj (.text.HOSTexit)
                  00004e46    00000004     libc.a : e_pow.c.obj (.text.OUTLINED_FUNCTION_10)
                  00004e4a    00000004            : e_pow.c.obj (.text.OUTLINED_FUNCTION_7)
                  00004e4e    00000004            : e_pow.c.obj (.text.OUTLINED_FUNCTION_8)
                  00004e52    00000004            : e_pow.c.obj (.text.OUTLINED_FUNCTION_9)
                  00004e56    00000004     startup_mspm0g350x_ticlang.o (.text.Reset_Handler)
                  00004e5a    00000002     --HOLE-- [fill = 0]
                  00004e5c    00000010     libc.a : boot_cortex_m.c.obj (.tramp._c_int00_noargs.1)
                  00004e6c    00000004            : pre_init.c.obj (.text._system_pre_init)

.cinit     0    00005a18    00000078     
                  00005a18    00000053     (.cinit..data.load) [load image, compression = lzss]
                  00005a6b    00000001     --HOLE-- [fill = 0]
                  00005a6c    0000000c     (__TI_handler_table)
                  00005a78    00000008     (.cinit..bss.load) [load image, compression = zero_init]
                  00005a80    00000010     (__TI_cinit_table)

.rodata    0    00004e70    00000ba8     
                  00004e70    000005f0     oled.o (.rodata.oled_asc2_1608)
                  00005460    00000474     oled.o (.rodata.oled_asc2_1206)
                  000058d4    00000004     show.o (.rodata.str1.16148716825656617140.1)
                  000058d8    00000030     libc.a : e_pow.c.obj (.rodata.cst16)
                  00005908    00000028     ti_msp_dl_config.o (.rodata.gSYSPLLConfig)
                  00005930    0000001f     show.o (.rodata.str1.9187021140590501105.1)
                  0000594f    00000001     --HOLE-- [fill = 0]
                  00005950    00000018     ti_msp_dl_config.o (.rodata.gDMA_CH0Config)
                  00005968    00000014     ti_msp_dl_config.o (.rodata.gTIMER_0TimerConfig)
                  0000597c    00000011     libc.a : _printfi.c.obj (.rodata.str1.15363888844622738466.1)
                  0000598d    00000010     show.o (.rodata.str1.7181808487934162017.1)
                  0000599d    0000000d     show.o (.rodata.str1.4200180054090596313.1)
                  000059aa    0000000a     ti_msp_dl_config.o (.rodata.gUART_0Config)
                  000059b4    0000000a     ti_msp_dl_config.o (.rodata.gUART_1Config)
                  000059be    00000002     ti_msp_dl_config.o (.rodata.gUART_0ClockConfig)
                  000059c0    00000008     ti_msp_dl_config.o (.rodata.gADC12_VOLTAGEClockConfig)
                  000059c8    00000008     ti_msp_dl_config.o (.rodata.gPWM_0Config)
                  000059d0    00000005     show.o (.rodata.str1.11473421897628767084.1)
                  000059d5    00000005     show.o (.rodata.str1.13295695833489354926.1)
                  000059da    00000005     show.o (.rodata.str1.1541185093343699100.1)
                  000059df    00000005     show.o (.rodata.str1.15776983441256719054.1)
                  000059e4    00000005     show.o (.rodata.str1.17101955116209303648.1)
                  000059e9    00000005     show.o (.rodata.str1.7169291093656254901.1)
                  000059ee    00000005     show.o (.rodata.str1.8780869064500742050.1)
                  000059f3    00000004     show.o (.rodata.str1.212949803776866683.1)
                  000059f7    00000004     show.o (.rodata.str1.6372670334424980374.1)
                  000059fb    00000004     show.o (.rodata.str1.8325091892381843562.1)
                  000059ff    00000003     ti_msp_dl_config.o (.rodata.gPWM_0ClockConfig)
                  00005a02    00000003     ti_msp_dl_config.o (.rodata.gTIMER_0ClockConfig)
                  00005a05    00000003     show.o (.rodata.str1.1133323674632628717.1)
                  00005a08    00000002     ti_msp_dl_config.o (.rodata.gUART_1ClockConfig)
                  00005a0a    00000002     show.o (.rodata.str1.11141623712187461020.1)
                  00005a0c    00000002     show.o (.rodata.str1.13873531220773554232.1)
                  00005a0e    00000002     show.o (.rodata.str1.16536773725931374585.1)
                  00005a10    00000002     show.o (.rodata.str1.5007187332103424152.1)
                  00005a12    00000002     show.o (.rodata.str1.7159470097358760213.1)
                  00005a14    00000002     show.o (.rodata.str1.9482526399499877140.1)
                  00005a16    00000002     --HOLE-- [fill = 0]

.init_array 
*          0    00000000    00000000     UNINITIALIZED

.binit     0    00000000    00000000     

.bss       0    20200000    00000646     UNINITIALIZED
                  20200000    00000400     (.common:OLED_GRAM)
                  20200400    000000c8     (.common:gBTPacket)
                  202004c8    000000bc     (.common:gPWM_0Backup)
                  20200584    00000032     uart_callback.o (.bss.bt_control.Receive)
                  202005b6    00000002     led.o (.bss.LED_Flash.temp)
                  202005b8    00000010     (.common:MotorA)
                  202005c8    00000010     (.common:MotorB)
                  202005d8    00000008     (.common:OriginalEncoder)
                  202005e0    00000004     control.o (.bss.Incremental_PI_Left.Bias)
                  202005e4    00000004     control.o (.bss.Incremental_PI_Left.Last_bias)
                  202005e8    00000004     control.o (.bss.Incremental_PI_Left.Pwm)
                  202005ec    00000004     control.o (.bss.Incremental_PI_Right.Bias)
                  202005f0    00000004     control.o (.bss.Incremental_PI_Right.Last_bias)
                  202005f4    00000004     control.o (.bss.Incremental_PI_Right.Pwm)
                  202005f8    00000004     uart_callback.o (.bss.bt_control.Data)
                  202005fc    00000004     (.common:Flag_Left)
                  20200600    00000004     (.common:Flag_Right)
                  20200604    00000004     (.common:Get_Encoder_countA)
                  20200608    00000004     (.common:Get_Encoder_countB)
                  2020060c    00000004     (.common:Move_X)
                  20200610    00000004     (.common:Move_Y)
                  20200614    00000004     (.common:Move_Z)
                  20200618    00000004     (.common:Turn_Flag)
                  2020061c    00000004     (.common:Velocity_Left)
                  20200620    00000004     (.common:Velocity_Right)
                  20200624    00000004     (.common:gpio_interrup1)
                  20200628    00000004     (.common:gpio_interrup2)
                  2020062c    00000004     (.common:ir_dh1_state)
                  20200630    00000004     (.common:ir_dh2_state)
                  20200634    00000004     (.common:ir_dh3_state)
                  20200638    00000004     (.common:ir_dh4_state)
                  2020063c    00000002     key.o (.bss.key_scan.long_press_time)
                  2020063e    00000002     key.o (.bss.key_scan.time_core)
                  20200640    00000001     show.o (.bss.APP_Show.flag)
                  20200641    00000001     uart_callback.o (.bss.bt_control.Flag_PID)
                  20200642    00000001     uart_callback.o (.bss.bt_control.i)
                  20200643    00000001     uart_callback.o (.bss.bt_control.j)
                  20200644    00000001     (.common:PID_Send)
                  20200645    00000001     (.common:gCheckADC)

.data      0    20200648    0000013c     UNINITIALIZED
                  20200648    000000f0     libc.a : defs.c.obj (.data._ftable)
                  20200738    00000004     uart_callback.o (.data.Flag_Direction)
                  2020073c    00000004     IR_Module.o (.data.IRDM_line_inspection.last_state)
                  20200740    00000004     IR_Module.o (.data.IRDM_line_inspection.last_turn_direction)
                  20200744    00000004     IR_Module.o (.data.IRDM_line_inspection.ten_time)
                  20200748    00000004     empty.o (.data.RC_Velocity)
                  2020074c    00000004     control.o (.data.Run_Mode)
                  20200750    00000004     IR_Module.o (.data.Turn90Angle)
                  20200754    00000004     control.o (.data.Velocity_KI)
                  20200758    00000004     control.o (.data.Velocity_KP)
                  2020075c    00000004     empty.o (.data.Voltage)
                  20200760    00000004     libc.a : aeabi_portable.c.obj (.data.__aeabi_errno)
                  20200764    00000004            : _lock.c.obj (.data._lock)
                  20200768    00000004            : _lock.c.obj (.data._unlock)
                  2020076c    00000004     uart_callback.o (.data.bt_control.Usart_Receive)
                  20200770    00000004     IR_Module.o (.data.maxTurnAngle)
                  20200774    00000004     IR_Module.o (.data.midTurnAngle)
                  20200778    00000004     IR_Module.o (.data.minTurnAngle)
                  2020077c    00000001     uart_callback.o (.data.BTBufferHandler.handleSize)
                  2020077d    00000001     uart_callback.o (.data.BTBufferHandler.handleflag)
                  2020077e    00000001     uart_callback.o (.data.BTBufferHandler.lastSize)
                  2020077f    00000001     empty.o (.data.Car_Mode)
                  20200780    00000001     control.o (.data.Flag_Stop)
                  20200781    00000001     uart_callback.o (.data.gBTCounts)
                  20200782    00000001     key.o (.data.key_scan.check_once)
                  20200783    00000001     key.o (.data.key_scan.press_flag)

.stack     0    20207e00    00000200     UNINITIALIZED
                  20207e00    00000004     libc.a : boot_cortex_m.c.obj (.stack)
                  20207e04    000001fc     --HOLE--

__llvm_prf_cnts 
*          0    20200000    00000000     UNINITIALIZED

__llvm_prf_bits 
*          0    20200000    00000000     UNINITIALIZED

MODULE SUMMARY

       Module                         code    ro data   rw data
       ------                         ----    -------   -------
    .\
       ti_msp_dl_config.o             2694    130       188    
       empty.o                        220     0         30     
       startup_mspm0g350x_ticlang.o   8       192       0      
    +--+------------------------------+-------+---------+---------+
       Total:                         2922    322       218    
                                                               
    .\Control\
       uart_callback.o                1458    0         281    
       show.o                         1604    126       1      
       control.o                      1510    0         77     
    +--+------------------------------+-------+---------+---------+
       Total:                         4572    126       359    
                                                               
    .\Hardware\
       oled.o                         1572    2660      1024   
       IR_Module.o                    790     0         44     
       key.o                          442     0         6      
       encoder.o                      362     0         16     
       board.o                        352     0         0      
       motor.o                        312     0         0      
       adc.o                          230     0         1      
       led.o                          152     0         2      
    +--+------------------------------+-------+---------+---------+
       Total:                         4212    2660      1093   
                                                               
    C:/ti/mspm0_sdk_2_05_01_00/source/ti/driverlib/lib/ticlang/m0p/mspm0g1x0x_g3x0x/driverlib.a
       dl_timer.o                     588     0         0      
       dl_sysctl_mspm0g1x0x_g3x0x.o   288     0         0      
       dl_uart.o                      122     0         0      
       dl_dma.o                       76      0         0      
       dl_adc12.o                     64      0         0      
       dl_common.o                    10      0         0      
    +--+------------------------------+-------+---------+---------+
       Total:                         1148    0         0      
                                                               
    C:\ti\ccs2020\ccs\tools\compiler\ti-cgt-armllvm_4.0.3.LTS\lib\armv6m-ti-none-eabi/c/libc.a
       e_pow.c.obj                    2704    48        0      
       _printfi.c.obj                 658     17        0      
       e_sqrt.c.obj                   368     0         0      
       defs.c.obj                     0       0         240    
       s_scalbn.c.obj                 216     0         0      
       copy_decompress_lzss.c.obj     124     0         0      
       printf.c.obj                   108     0         0      
       autoinit.c.obj                 60      0         0      
       boot_cortex_m.c.obj            56      0         0      
       memccpy.c.obj                  34      0         0      
       copy_decompress_none.c.obj     18      0         0      
       memcpy16.S.obj                 18      0         0      
       copy_zero_init.c.obj           16      0         0      
       memset16.S.obj                 14      0         0      
       strlen.c.obj                   14      0         0      
       aeabi_portable.c.obj           8       0         4      
       _lock.c.obj                    2       0         8      
       exit.c.obj                     6       0         0      
       pre_init.c.obj                 4       0         0      
    +--+------------------------------+-------+---------+---------+
       Total:                         4428    65        252    
                                                               
    C:\ti\ccs2020\ccs\tools\compiler\ti-cgt-armllvm_4.0.3.LTS\lib\armv6m-ti-none-eabi/c/libsysbm.a
       hostexit.c.obj                 4       0         0      
    +--+------------------------------+-------+---------+---------+
       Total:                         4       0         0      
                                                               
    C:\ti\ccs2020\ccs\tools\compiler\ti-cgt-armllvm_4.0.3.LTS\lib\armv6m-ti-none-eabi/libclang_rt.builtins.a
       adddf3.S.obj                   434     0         0      
       divdf3.S.obj                   268     0         0      
       muldf3.S.obj                   244     0         0      
       comparedf2.c.obj               220     0         0      
       addsf3.S.obj                   216     0         0      
       mulsf3.S.obj                   140     0         0      
       divsf3.S.obj                   130     0         0      
       comparesf2.S.obj               118     0         0      
       truncdfsf2.S.obj               116     0         0      
       aeabi_dcmp.S.obj               98      0         0      
       aeabi_fcmp.S.obj               98      0         0      
       fixdfsi.S.obj                  74      0         0      
       aeabi_uidivmod.S.obj           64      0         0      
       extendsfdf2.S.obj              64      0         0      
       floatsisf.S.obj                60      0         0      
       muldsi3.S.obj                  58      0         0      
       fixsfsi.S.obj                  56      0         0      
       floatsidf.S.obj                44      0         0      
       floatunsisf.S.obj              40      0         0      
       aeabi_memset.S.obj             26      0         0      
       aeabi_memcpy.S.obj             8       0         0      
       aeabi_div0.c.obj               2       0         0      
    +--+------------------------------+-------+---------+---------+
       Total:                         2578    0         0      
                                                               
       Stack:                         0       0         512    
       Linker Generated:              0       119       0      
    +--+------------------------------+-------+---------+---------+
       Grand Total:                   19864   3292      2434   


LINKER GENERATED COPY TABLES

__TI_cinit_table @ 00005a80 records: 2, size/record: 8, table size: 16
	.data: load addr=00005a18, load size=00000053 bytes, run addr=20200648, run size=0000013c bytes, compression=lzss
	.bss: load addr=00005a78, load size=00000008 bytes, run addr=20200000, run size=00000646 bytes, compression=zero_init


LINKER GENERATED HANDLER TABLE

__TI_handler_table @ 00005a6c records: 3, size/record: 4, table size: 12
	index: 0, handler: __TI_decompress_lzss
	index: 1, handler: __TI_decompress_none
	index: 2, handler: __TI_zero_init


FAR CALL TRAMPOLINES

callee name               trampoline name
   callee addr  tramp addr   call addr  call info
--------------  -----------  ---------  ----------------
__aeabi_dmul              $Tramp$TT$L$PI$$__aeabi_dmul
   000029d1     00004db0     00004dae   libc.a : e_pow.c.obj (.text.OUTLINED_FUNCTION_0)
                             00004dc8          : e_pow.c.obj (.text.OUTLINED_FUNCTION_1)
                             00004dd2          : e_pow.c.obj (.text.OUTLINED_FUNCTION_6)
                             00004e30          : e_pow.c.obj (.text.OUTLINED_FUNCTION_4)
                             00004e36          : e_pow.c.obj (.text.OUTLINED_FUNCTION_5)
                             00004e50          : e_pow.c.obj (.text.OUTLINED_FUNCTION_8)
__aeabi_dsub              $Tramp$TT$L$PI$$__aeabi_dsub
   00001bcd     00004ddc     00004dda   libc.a : e_pow.c.obj (.text.OUTLINED_FUNCTION_2)
__aeabi_dadd              $Tramp$TT$L$PI$$__aeabi_dadd
   00001bd7     00004e1c     00004e18   libc.a : e_pow.c.obj (.text.OUTLINED_FUNCTION_3)
                             00004e48          : e_pow.c.obj (.text.OUTLINED_FUNCTION_10)
                             00004e4c          : e_pow.c.obj (.text.OUTLINED_FUNCTION_7)
                             00004e54          : e_pow.c.obj (.text.OUTLINED_FUNCTION_9)
_c_int00_noargs           $Tramp$TT$L$PI$$_c_int00_noargs
   00004589     00004e5c     00004e56   startup_mspm0g350x_ticlang.o (.text.Reset_Handler)

[4 trampolines]
[12 trampoline calls]


GLOBAL SYMBOLS: SORTED ALPHABETICALLY BY Name 

address   name                                 
-------   ----                                 
00004e3f  ADC0_IRQHandler                      
000045fd  ADC1_IRQHandler                      
00004e3f  AES_IRQHandler                       
00001a29  APP_Show                             
00002e1d  BTBufferHandler                      
00003e59  BT_DAMConfig                         
00004e42  C$$EXIT                              
00004e3f  CANFD0_IRQHandler                    
2020077f  Car_Mode                             
00004e3f  DAC0_IRQHandler                      
00004001  DL_ADC12_setClockConfig              
00004d9d  DL_Common_delayCycles                
00003d29  DL_DMA_initChannel                   
00002ab5  DL_SYSCTL_configSYSPLL               
00003f79  DL_SYSCTL_switchMCLKfromSYSOSCtoHSCLK
0000261d  DL_Timer_initFourCCPWMMode           
00002721  DL_Timer_initTimerMode               
00004841  DL_Timer_setCaptCompUpdateMethod     
000049fd  DL_Timer_setCaptureCompareOutCtl     
00004d1d  DL_Timer_setCaptureCompareValue      
0000485d  DL_Timer_setClockConfig              
00003ea1  DL_UART_init                         
00004cc7  DL_UART_setClockConfig               
000046a9  DL_UART_transmitDataBlocking         
00004e3f  DMA_IRQHandler                       
00004e3f  Default_Handler                      
20200738  Flag_Direction                       
202005fc  Flag_Left                            
20200600  Flag_Right                           
20200780  Flag_Stop                            
00004e3f  GROUP0_IRQHandler                    
000021d1  GROUP1_IRQHandler                    
20200604  Get_Encoder_countA                   
20200608  Get_Encoder_countB                   
00001865  Get_RC                               
00003579  Get_Target_Encoder                   
00003089  Get_Velocity_From_Encoder            
00003995  Get_battery_volt                     
00004e43  HOSTexit                             
00004e3f  HardFault_Handler                    
00004e3f  I2C0_IRQHandler                      
00004e3f  I2C1_IRQHandler                      
000012e1  IRDM_line_inspection                 
00002ef1  Incremental_PI_Left                  
00002fbd  Incremental_PI_Right                 
00003c39  Key                                  
00003fbd  LED_Flash                            
00004bc9  LED_ON                               
00004bdd  LED_Toggle                           
202005b8  MotorA                               
202005c8  MotorB                               
2020060c  Move_X                               
20200610  Move_Y                               
20200614  Move_Z                               
00004e3f  NMI_Handler                          
00003ac1  OLED_Clear                           
00003129  OLED_DrawPoint                       
20200000  OLED_GRAM                            
00002809  OLED_Init                            
00004bf1  OLED_RST_Clr                         
00004c05  OLED_RST_Set                         
00004c19  OLED_RS_Clr                          
00004c2d  OLED_RS_Set                          
000035f9  OLED_Refresh_Gram                    
00004c41  OLED_SCLK_Clr                        
00004c55  OLED_SCLK_Set                        
00004c69  OLED_SDIN_Clr                        
00004c7d  OLED_SDIN_Set                        
000022f1  OLED_ShowChar                        
00002b91  OLED_ShowNumber                      
000036f1  OLED_ShowString                      
00003855  OLED_WR_Byte                         
202005d8  OriginalEncoder                      
20200644  PID_Send                             
00004e3f  PendSV_Handler                       
20200748  RC_Velocity                          
00004e3f  RTC_IRQHandler                       
00004e57  Reset_Handler                        
2020074c  Run_Mode                             
00004e3f  SPI0_IRQHandler                      
00004e3f  SPI1_IRQHandler                      
00004e3f  SVC_Handler                          
000038c5  SYSCFG_DL_ADC12_VOLTAGE_init         
00004a8d  SYSCFG_DL_DMA_CH0_init               
00004ded  SYSCFG_DL_DMA_init                   
00001ee5  SYSCFG_DL_GPIO_init                  
00003249  SYSCFG_DL_PWM_0_init                 
00003ee9  SYSCFG_DL_SYSCTL_init                
00004d2d  SYSCFG_DL_SYSTICK_init               
000042cd  SYSCFG_DL_TIMER_0_init               
00003b81  SYSCFG_DL_UART_0_init                
00003b21  SYSCFG_DL_UART_1_init                
00004229  SYSCFG_DL_init                       
000032d5  SYSCFG_DL_initPower                  
00002405  Set_PWM                              
00004e3f  SysTick_Handler                      
00004d85  Systick_getTick                      
00004e3f  TIMA0_IRQHandler                     
00004e3f  TIMA1_IRQHandler                     
000028ed  TIMG0_IRQHandler                     
00004e3f  TIMG12_IRQHandler                    
00004e3f  TIMG6_IRQHandler                     
00004e3f  TIMG7_IRQHandler                     
00004e3f  TIMG8_IRQHandler                     
00004cd9  TI_memcpy_small                      
00004d77  TI_memset_small                      
20200750  Turn90Angle                          
20200618  Turn_Flag                            
00004e3f  UART0_IRQHandler                     
00003f31  UART1_IRQHandler                     
00004e3f  UART2_IRQHandler                     
00004e3f  UART3_IRQHandler                     
20200754  Velocity_KI                          
20200758  Velocity_KP                          
2020061c  Velocity_Left                        
20200620  Velocity_Right                       
2020075c  Voltage                              
20208000  __STACK_END                          
00000200  __STACK_SIZE                         
00000000  __TI_ATRegion0_region_sz             
00000000  __TI_ATRegion0_src_addr              
00000000  __TI_ATRegion0_trg_addr              
00000000  __TI_ATRegion1_region_sz             
00000000  __TI_ATRegion1_src_addr              
00000000  __TI_ATRegion1_trg_addr              
00000000  __TI_ATRegion2_region_sz             
00000000  __TI_ATRegion2_src_addr              
00000000  __TI_ATRegion2_trg_addr              
00005a80  __TI_CINIT_Base                      
00005a90  __TI_CINIT_Limit                     
00005a90  __TI_CINIT_Warm                      
00005a6c  __TI_Handler_Table_Base              
00005a78  __TI_Handler_Table_Limit             
00004175  __TI_auto_init_nobinit_nopinit       
00003675  __TI_decompress_lzss                 
00004ceb  __TI_decompress_none                 
ffffffff  __TI_pprof_out_hndl                  
000015e1  __TI_printfi_minimal                 
ffffffff  __TI_prof_data_size                  
ffffffff  __TI_prof_data_start                 
00000000  __TI_static_base__                   
00004d3d  __TI_zero_init                       
00001bd7  __adddf3                             
00002d4f  __addsf3                             
000037e1  __aeabi_d2f                          
00003e0d  __aeabi_d2iz                         
00001bd7  __aeabi_dadd                         
000039f9  __aeabi_dcmpeq                       
00003a35  __aeabi_dcmpge                       
00003a49  __aeabi_dcmpgt                       
00003a21  __aeabi_dcmple                       
00003a0d  __aeabi_dcmplt                       
00002511  __aeabi_ddiv                         
000029d1  __aeabi_dmul                         
00001bcd  __aeabi_dsub                         
20200760  __aeabi_errno                        
00004df5  __aeabi_errno_addr                   
00004081  __aeabi_f2d                          
00004261  __aeabi_f2iz                         
00002d4f  __aeabi_fadd                         
00003a5d  __aeabi_fcmpeq                       
00003a99  __aeabi_fcmpge                       
00003aad  __aeabi_fcmpgt                       
00003a85  __aeabi_fcmple                       
00003a71  __aeabi_fcmplt                       
000034f5  __aeabi_fdiv                         
00003361  __aeabi_fmul                         
00002d45  __aeabi_fsub                         
00004419  __aeabi_i2d                          
000040fd  __aeabi_i2f                          
00001d5f  __aeabi_idiv0                        
00004d91  __aeabi_memclr                       
00004d91  __aeabi_memclr4                      
00004d91  __aeabi_memclr8                      
00004dfd  __aeabi_memcpy                       
00004dfd  __aeabi_memcpy4                      
00004dfd  __aeabi_memcpy8                      
00004d4d  __aeabi_memset                       
00004d4d  __aeabi_memset4                      
00004d4d  __aeabi_memset8                      
00004561  __aeabi_ui2f                         
00004041  __aeabi_uidiv                        
00004041  __aeabi_uidivmod                     
ffffffff  __binit__                            
0000392d  __cmpdf2                             
000041b1  __cmpsf2                             
00002511  __divdf3                             
000034f5  __divsf3                             
0000392d  __eqdf2                              
000041b1  __eqsf2                              
00004081  __extendsfdf2                        
00003e0d  __fixdfsi                            
00004261  __fixsfsi                            
00004419  __floatsidf                          
000040fd  __floatsisf                          
00004561  __floatunsisf                        
0000376d  __gedf2                              
00004139  __gesf2                              
0000376d  __gtdf2                              
00004139  __gtsf2                              
0000392d  __ledf2                              
000041b1  __lesf2                              
0000392d  __ltdf2                              
000041b1  __ltsf2                              
UNDEFED   __mpu_init                           
000029d1  __muldf3                             
000041ed  __muldsi3                            
00003361  __mulsf3                             
0000392d  __nedf2                              
000041b1  __nesf2                              
20207e00  __stack                              
20200000  __start___llvm_prf_bits              
20200000  __start___llvm_prf_cnts              
20200000  __stop___llvm_prf_bits               
20200000  __stop___llvm_prf_cnts               
00001bcd  __subdf3                             
00002d45  __subsf3                             
000037e1  __truncdfsf2                         
00004589  _c_int00_noargs                      
20200648  _ftable                              
20200764  _lock                                
00003577  _nop                                 
UNDEFED   _system_post_cinit                   
00004e6d  _system_pre_init                     
20200768  _unlock                              
00004e39  abort                                
ffffffff  binit                                
00000fa9  bt_control                           
00004361  delay_ms                             
000031b9  delay_us                             
00004445  fputc                                
00003c8d  fputs                                
20200781  gBTCounts                            
20200400  gBTPacket                            
20200645  gCheckADC                            
202004c8  gPWM_0Backup                         
20200624  gpio_interrup1                       
20200628  gpio_interrup2                       
00000000  interruptVectors                     
2020062c  ir_dh1_state                         
20200630  ir_dh2_state                         
20200634  ir_dh3_state                         
20200638  ir_dh4_state                         
000046c9  keyValue                             
00001d61  key_scan                             
00002c6d  ldexp                                
00002c6d  ldexpl                               
00003471  main                                 
20200770  maxTurnAngle                         
00004645  memccpy                              
20200774  midTurnAngle                         
20200778  minTurnAngle                         
000046e9  myabs                                
00005460  oled_asc2_1206                       
00004e70  oled_asc2_1608                       
00004391  oled_pow                             
00000b09  oled_show                            
000000c1  pow                                  
000000c1  powl                                 
00003bdd  printf                               
00002c6d  scalbn                               
00002c6d  scalbnl                              
00002061  sqrt                                 
00002061  sqrtl                                
00004d69  strlen                               


GLOBAL SYMBOLS: SORTED BY Symbol Address 

address   name                                 
-------   ----                                 
00000000  __TI_ATRegion0_region_sz             
00000000  __TI_ATRegion0_src_addr              
00000000  __TI_ATRegion0_trg_addr              
00000000  __TI_ATRegion1_region_sz             
00000000  __TI_ATRegion1_src_addr              
00000000  __TI_ATRegion1_trg_addr              
00000000  __TI_ATRegion2_region_sz             
00000000  __TI_ATRegion2_src_addr              
00000000  __TI_ATRegion2_trg_addr              
00000000  __TI_static_base__                   
00000000  interruptVectors                     
000000c1  pow                                  
000000c1  powl                                 
00000200  __STACK_SIZE                         
00000b09  oled_show                            
00000fa9  bt_control                           
000012e1  IRDM_line_inspection                 
000015e1  __TI_printfi_minimal                 
00001865  Get_RC                               
00001a29  APP_Show                             
00001bcd  __aeabi_dsub                         
00001bcd  __subdf3                             
00001bd7  __adddf3                             
00001bd7  __aeabi_dadd                         
00001d5f  __aeabi_idiv0                        
00001d61  key_scan                             
00001ee5  SYSCFG_DL_GPIO_init                  
00002061  sqrt                                 
00002061  sqrtl                                
000021d1  GROUP1_IRQHandler                    
000022f1  OLED_ShowChar                        
00002405  Set_PWM                              
00002511  __aeabi_ddiv                         
00002511  __divdf3                             
0000261d  DL_Timer_initFourCCPWMMode           
00002721  DL_Timer_initTimerMode               
00002809  OLED_Init                            
000028ed  TIMG0_IRQHandler                     
000029d1  __aeabi_dmul                         
000029d1  __muldf3                             
00002ab5  DL_SYSCTL_configSYSPLL               
00002b91  OLED_ShowNumber                      
00002c6d  ldexp                                
00002c6d  ldexpl                               
00002c6d  scalbn                               
00002c6d  scalbnl                              
00002d45  __aeabi_fsub                         
00002d45  __subsf3                             
00002d4f  __addsf3                             
00002d4f  __aeabi_fadd                         
00002e1d  BTBufferHandler                      
00002ef1  Incremental_PI_Left                  
00002fbd  Incremental_PI_Right                 
00003089  Get_Velocity_From_Encoder            
00003129  OLED_DrawPoint                       
000031b9  delay_us                             
00003249  SYSCFG_DL_PWM_0_init                 
000032d5  SYSCFG_DL_initPower                  
00003361  __aeabi_fmul                         
00003361  __mulsf3                             
00003471  main                                 
000034f5  __aeabi_fdiv                         
000034f5  __divsf3                             
00003577  _nop                                 
00003579  Get_Target_Encoder                   
000035f9  OLED_Refresh_Gram                    
00003675  __TI_decompress_lzss                 
000036f1  OLED_ShowString                      
0000376d  __gedf2                              
0000376d  __gtdf2                              
000037e1  __aeabi_d2f                          
000037e1  __truncdfsf2                         
00003855  OLED_WR_Byte                         
000038c5  SYSCFG_DL_ADC12_VOLTAGE_init         
0000392d  __cmpdf2                             
0000392d  __eqdf2                              
0000392d  __ledf2                              
0000392d  __ltdf2                              
0000392d  __nedf2                              
00003995  Get_battery_volt                     
000039f9  __aeabi_dcmpeq                       
00003a0d  __aeabi_dcmplt                       
00003a21  __aeabi_dcmple                       
00003a35  __aeabi_dcmpge                       
00003a49  __aeabi_dcmpgt                       
00003a5d  __aeabi_fcmpeq                       
00003a71  __aeabi_fcmplt                       
00003a85  __aeabi_fcmple                       
00003a99  __aeabi_fcmpge                       
00003aad  __aeabi_fcmpgt                       
00003ac1  OLED_Clear                           
00003b21  SYSCFG_DL_UART_1_init                
00003b81  SYSCFG_DL_UART_0_init                
00003bdd  printf                               
00003c39  Key                                  
00003c8d  fputs                                
00003d29  DL_DMA_initChannel                   
00003e0d  __aeabi_d2iz                         
00003e0d  __fixdfsi                            
00003e59  BT_DAMConfig                         
00003ea1  DL_UART_init                         
00003ee9  SYSCFG_DL_SYSCTL_init                
00003f31  UART1_IRQHandler                     
00003f79  DL_SYSCTL_switchMCLKfromSYSOSCtoHSCLK
00003fbd  LED_Flash                            
00004001  DL_ADC12_setClockConfig              
00004041  __aeabi_uidiv                        
00004041  __aeabi_uidivmod                     
00004081  __aeabi_f2d                          
00004081  __extendsfdf2                        
000040fd  __aeabi_i2f                          
000040fd  __floatsisf                          
00004139  __gesf2                              
00004139  __gtsf2                              
00004175  __TI_auto_init_nobinit_nopinit       
000041b1  __cmpsf2                             
000041b1  __eqsf2                              
000041b1  __lesf2                              
000041b1  __ltsf2                              
000041b1  __nesf2                              
000041ed  __muldsi3                            
00004229  SYSCFG_DL_init                       
00004261  __aeabi_f2iz                         
00004261  __fixsfsi                            
000042cd  SYSCFG_DL_TIMER_0_init               
00004361  delay_ms                             
00004391  oled_pow                             
00004419  __aeabi_i2d                          
00004419  __floatsidf                          
00004445  fputc                                
00004561  __aeabi_ui2f                         
00004561  __floatunsisf                        
00004589  _c_int00_noargs                      
000045fd  ADC1_IRQHandler                      
00004645  memccpy                              
000046a9  DL_UART_transmitDataBlocking         
000046c9  keyValue                             
000046e9  myabs                                
00004841  DL_Timer_setCaptCompUpdateMethod     
0000485d  DL_Timer_setClockConfig              
000049fd  DL_Timer_setCaptureCompareOutCtl     
00004a8d  SYSCFG_DL_DMA_CH0_init               
00004bc9  LED_ON                               
00004bdd  LED_Toggle                           
00004bf1  OLED_RST_Clr                         
00004c05  OLED_RST_Set                         
00004c19  OLED_RS_Clr                          
00004c2d  OLED_RS_Set                          
00004c41  OLED_SCLK_Clr                        
00004c55  OLED_SCLK_Set                        
00004c69  OLED_SDIN_Clr                        
00004c7d  OLED_SDIN_Set                        
00004cc7  DL_UART_setClockConfig               
00004cd9  TI_memcpy_small                      
00004ceb  __TI_decompress_none                 
00004d1d  DL_Timer_setCaptureCompareValue      
00004d2d  SYSCFG_DL_SYSTICK_init               
00004d3d  __TI_zero_init                       
00004d4d  __aeabi_memset                       
00004d4d  __aeabi_memset4                      
00004d4d  __aeabi_memset8                      
00004d69  strlen                               
00004d77  TI_memset_small                      
00004d85  Systick_getTick                      
00004d91  __aeabi_memclr                       
00004d91  __aeabi_memclr4                      
00004d91  __aeabi_memclr8                      
00004d9d  DL_Common_delayCycles                
00004ded  SYSCFG_DL_DMA_init                   
00004df5  __aeabi_errno_addr                   
00004dfd  __aeabi_memcpy                       
00004dfd  __aeabi_memcpy4                      
00004dfd  __aeabi_memcpy8                      
00004e39  abort                                
00004e3f  ADC0_IRQHandler                      
00004e3f  AES_IRQHandler                       
00004e3f  CANFD0_IRQHandler                    
00004e3f  DAC0_IRQHandler                      
00004e3f  DMA_IRQHandler                       
00004e3f  Default_Handler                      
00004e3f  GROUP0_IRQHandler                    
00004e3f  HardFault_Handler                    
00004e3f  I2C0_IRQHandler                      
00004e3f  I2C1_IRQHandler                      
00004e3f  NMI_Handler                          
00004e3f  PendSV_Handler                       
00004e3f  RTC_IRQHandler                       
00004e3f  SPI0_IRQHandler                      
00004e3f  SPI1_IRQHandler                      
00004e3f  SVC_Handler                          
00004e3f  SysTick_Handler                      
00004e3f  TIMA0_IRQHandler                     
00004e3f  TIMA1_IRQHandler                     
00004e3f  TIMG12_IRQHandler                    
00004e3f  TIMG6_IRQHandler                     
00004e3f  TIMG7_IRQHandler                     
00004e3f  TIMG8_IRQHandler                     
00004e3f  UART0_IRQHandler                     
00004e3f  UART2_IRQHandler                     
00004e3f  UART3_IRQHandler                     
00004e42  C$$EXIT                              
00004e43  HOSTexit                             
00004e57  Reset_Handler                        
00004e6d  _system_pre_init                     
00004e70  oled_asc2_1608                       
00005460  oled_asc2_1206                       
00005a6c  __TI_Handler_Table_Base              
00005a78  __TI_Handler_Table_Limit             
00005a80  __TI_CINIT_Base                      
00005a90  __TI_CINIT_Limit                     
00005a90  __TI_CINIT_Warm                      
20200000  OLED_GRAM                            
20200000  __start___llvm_prf_bits              
20200000  __start___llvm_prf_cnts              
20200000  __stop___llvm_prf_bits               
20200000  __stop___llvm_prf_cnts               
20200400  gBTPacket                            
202004c8  gPWM_0Backup                         
202005b8  MotorA                               
202005c8  MotorB                               
202005d8  OriginalEncoder                      
202005fc  Flag_Left                            
20200600  Flag_Right                           
20200604  Get_Encoder_countA                   
20200608  Get_Encoder_countB                   
2020060c  Move_X                               
20200610  Move_Y                               
20200614  Move_Z                               
20200618  Turn_Flag                            
2020061c  Velocity_Left                        
20200620  Velocity_Right                       
20200624  gpio_interrup1                       
20200628  gpio_interrup2                       
2020062c  ir_dh1_state                         
20200630  ir_dh2_state                         
20200634  ir_dh3_state                         
20200638  ir_dh4_state                         
20200644  PID_Send                             
20200645  gCheckADC                            
20200648  _ftable                              
20200738  Flag_Direction                       
20200748  RC_Velocity                          
2020074c  Run_Mode                             
20200750  Turn90Angle                          
20200754  Velocity_KI                          
20200758  Velocity_KP                          
2020075c  Voltage                              
20200760  __aeabi_errno                        
20200764  _lock                                
20200768  _unlock                              
20200770  maxTurnAngle                         
20200774  midTurnAngle                         
20200778  minTurnAngle                         
2020077f  Car_Mode                             
20200780  Flag_Stop                            
20200781  gBTCounts                            
20207e00  __stack                              
20208000  __STACK_END                          
ffffffff  __TI_pprof_out_hndl                  
ffffffff  __TI_prof_data_size                  
ffffffff  __TI_prof_data_start                 
ffffffff  __binit__                            
ffffffff  binit                                
UNDEFED   __mpu_init                           
UNDEFED   _system_post_cinit                   

[265 symbols]
