<?xml version="1.0" encoding="ISO-8859-1" ?>
<link_info>
   <banner>TI ARM Clang Linker PC v4.0.3.LTS</banner>
   <copyright>Copyright (c) 1996-2018 Texas Instruments Incorporated</copyright>
   <command_line>C:\ti\ccs2020\ccs\tools\compiler\ti-cgt-armllvm_4.0.3.LTS\bin\tiarmlnk -IC:\ti\ccs2020\ccs\tools\compiler\ti-cgt-armllvm_4.0.3.LTS\lib -o empty_LP_MSPM0G3507_nortos_ticlang.out -mempty_LP_MSPM0G3507_nortos_ticlang.map -iC:/ti/mspm0_sdk_2_05_01_00/source -iD:/Users/Lenovo/Desktop/TI/CCS/WHEELTEC_C07A_IRF_CAR/empty_LP_MSPM0G3507_nortos_ticlang -iD:/Users/Lenovo/Desktop/TI/CCS/WHEELTEC_C07A_IRF_CAR/empty_LP_MSPM0G3507_nortos_ticlang/Debug/syscfg -iC:/ti/ccs2020/ccs/tools/compiler/ti-cgt-armllvm_4.0.3.LTS/lib --diag_wrap=off --display_error_number --warn_sections --xml_link_info=empty_LP_MSPM0G3507_nortos_ticlang_linkInfo.xml --rom_model ./empty.o ./ti_msp_dl_config.o ./startup_mspm0g350x_ticlang.o ./Control/DataScope_DP.o ./Control/control.o ./Control/show.o ./Control/uart_callback.o ./Hardware/IR_Module.o ./Hardware/adc.o ./Hardware/board.o ./Hardware/encoder.o ./Hardware/key.o ./Hardware/led.o ./Hardware/motor.o ./Hardware/oled.o -l./device_linker.cmd -ldevice.cmd.genlibs -llibc.a --start-group -llibc++.a -llibc++abi.a -llibc.a -llibsys.a -llibsysbm.a -llibclang_rt.builtins.a -llibclang_rt.profile.a --end-group --cg_opt_level=0</command_line>
   <link_time>0x688d9e32</link_time>
   <link_errors>0x0</link_errors>
   <output_file>D:\Users\Lenovo\Desktop\TI\CCS\WHEELTEC_C07A_IRF_CAR\empty_LP_MSPM0G3507_nortos_ticlang\Debug\empty_LP_MSPM0G3507_nortos_ticlang.out</output_file>
   <entry_point>
      <name>_c_int00_noargs</name>
      <address>0x4589</address>
   </entry_point>
   <input_file_list>
      <input_file id="fl-1">
         <path>D:\Users\Lenovo\Desktop\TI\CCS\WHEELTEC_C07A_IRF_CAR\empty_LP_MSPM0G3507_nortos_ticlang\Debug\.\</path>
         <kind>object</kind>
         <file>empty.o</file>
         <name>empty.o</name>
      </input_file>
      <input_file id="fl-2">
         <path>D:\Users\Lenovo\Desktop\TI\CCS\WHEELTEC_C07A_IRF_CAR\empty_LP_MSPM0G3507_nortos_ticlang\Debug\.\</path>
         <kind>object</kind>
         <file>ti_msp_dl_config.o</file>
         <name>ti_msp_dl_config.o</name>
      </input_file>
      <input_file id="fl-3">
         <path>D:\Users\Lenovo\Desktop\TI\CCS\WHEELTEC_C07A_IRF_CAR\empty_LP_MSPM0G3507_nortos_ticlang\Debug\.\</path>
         <kind>object</kind>
         <file>startup_mspm0g350x_ticlang.o</file>
         <name>startup_mspm0g350x_ticlang.o</name>
      </input_file>
      <input_file id="fl-4">
         <path>D:\Users\Lenovo\Desktop\TI\CCS\WHEELTEC_C07A_IRF_CAR\empty_LP_MSPM0G3507_nortos_ticlang\Debug\.\Control\</path>
         <kind>object</kind>
         <file>DataScope_DP.o</file>
         <name>DataScope_DP.o</name>
      </input_file>
      <input_file id="fl-5">
         <path>D:\Users\Lenovo\Desktop\TI\CCS\WHEELTEC_C07A_IRF_CAR\empty_LP_MSPM0G3507_nortos_ticlang\Debug\.\Control\</path>
         <kind>object</kind>
         <file>control.o</file>
         <name>control.o</name>
      </input_file>
      <input_file id="fl-6">
         <path>D:\Users\Lenovo\Desktop\TI\CCS\WHEELTEC_C07A_IRF_CAR\empty_LP_MSPM0G3507_nortos_ticlang\Debug\.\Control\</path>
         <kind>object</kind>
         <file>show.o</file>
         <name>show.o</name>
      </input_file>
      <input_file id="fl-7">
         <path>D:\Users\Lenovo\Desktop\TI\CCS\WHEELTEC_C07A_IRF_CAR\empty_LP_MSPM0G3507_nortos_ticlang\Debug\.\Control\</path>
         <kind>object</kind>
         <file>uart_callback.o</file>
         <name>uart_callback.o</name>
      </input_file>
      <input_file id="fl-8">
         <path>D:\Users\Lenovo\Desktop\TI\CCS\WHEELTEC_C07A_IRF_CAR\empty_LP_MSPM0G3507_nortos_ticlang\Debug\.\Hardware\</path>
         <kind>object</kind>
         <file>IR_Module.o</file>
         <name>IR_Module.o</name>
      </input_file>
      <input_file id="fl-9">
         <path>D:\Users\Lenovo\Desktop\TI\CCS\WHEELTEC_C07A_IRF_CAR\empty_LP_MSPM0G3507_nortos_ticlang\Debug\.\Hardware\</path>
         <kind>object</kind>
         <file>adc.o</file>
         <name>adc.o</name>
      </input_file>
      <input_file id="fl-a">
         <path>D:\Users\Lenovo\Desktop\TI\CCS\WHEELTEC_C07A_IRF_CAR\empty_LP_MSPM0G3507_nortos_ticlang\Debug\.\Hardware\</path>
         <kind>object</kind>
         <file>board.o</file>
         <name>board.o</name>
      </input_file>
      <input_file id="fl-b">
         <path>D:\Users\Lenovo\Desktop\TI\CCS\WHEELTEC_C07A_IRF_CAR\empty_LP_MSPM0G3507_nortos_ticlang\Debug\.\Hardware\</path>
         <kind>object</kind>
         <file>encoder.o</file>
         <name>encoder.o</name>
      </input_file>
      <input_file id="fl-c">
         <path>D:\Users\Lenovo\Desktop\TI\CCS\WHEELTEC_C07A_IRF_CAR\empty_LP_MSPM0G3507_nortos_ticlang\Debug\.\Hardware\</path>
         <kind>object</kind>
         <file>key.o</file>
         <name>key.o</name>
      </input_file>
      <input_file id="fl-d">
         <path>D:\Users\Lenovo\Desktop\TI\CCS\WHEELTEC_C07A_IRF_CAR\empty_LP_MSPM0G3507_nortos_ticlang\Debug\.\Hardware\</path>
         <kind>object</kind>
         <file>led.o</file>
         <name>led.o</name>
      </input_file>
      <input_file id="fl-e">
         <path>D:\Users\Lenovo\Desktop\TI\CCS\WHEELTEC_C07A_IRF_CAR\empty_LP_MSPM0G3507_nortos_ticlang\Debug\.\Hardware\</path>
         <kind>object</kind>
         <file>motor.o</file>
         <name>motor.o</name>
      </input_file>
      <input_file id="fl-f">
         <path>D:\Users\Lenovo\Desktop\TI\CCS\WHEELTEC_C07A_IRF_CAR\empty_LP_MSPM0G3507_nortos_ticlang\Debug\.\Hardware\</path>
         <kind>object</kind>
         <file>oled.o</file>
         <name>oled.o</name>
      </input_file>
      <input_file id="fl-1c">
         <path>D:\Users\Lenovo\Desktop\TI\CCS\WHEELTEC_C07A_IRF_CAR\empty_LP_MSPM0G3507_nortos_ticlang\Debug\</path>
         <kind>object</kind>
         <file>&lt;internal&gt;</file>
         <name>&lt;internal&gt;</name>
      </input_file>
      <input_file id="fl-1d">
         <path>C:\ti\mspm0_sdk_2_05_01_00\source\ti\driverlib\lib\ticlang\m0p\mspm0g1x0x_g3x0x\</path>
         <kind>archive</kind>
         <file>driverlib.a</file>
         <name>dl_adc12.o</name>
      </input_file>
      <input_file id="fl-1e">
         <path>C:\ti\mspm0_sdk_2_05_01_00\source\ti\driverlib\lib\ticlang\m0p\mspm0g1x0x_g3x0x\</path>
         <kind>archive</kind>
         <file>driverlib.a</file>
         <name>dl_common.o</name>
      </input_file>
      <input_file id="fl-1f">
         <path>C:\ti\mspm0_sdk_2_05_01_00\source\ti\driverlib\lib\ticlang\m0p\mspm0g1x0x_g3x0x\</path>
         <kind>archive</kind>
         <file>driverlib.a</file>
         <name>dl_dma.o</name>
      </input_file>
      <input_file id="fl-20">
         <path>C:\ti\mspm0_sdk_2_05_01_00\source\ti\driverlib\lib\ticlang\m0p\mspm0g1x0x_g3x0x\</path>
         <kind>archive</kind>
         <file>driverlib.a</file>
         <name>dl_timer.o</name>
      </input_file>
      <input_file id="fl-21">
         <path>C:\ti\mspm0_sdk_2_05_01_00\source\ti\driverlib\lib\ticlang\m0p\mspm0g1x0x_g3x0x\</path>
         <kind>archive</kind>
         <file>driverlib.a</file>
         <name>dl_uart.o</name>
      </input_file>
      <input_file id="fl-22">
         <path>C:\ti\mspm0_sdk_2_05_01_00\source\ti\driverlib\lib\ticlang\m0p\mspm0g1x0x_g3x0x\</path>
         <kind>archive</kind>
         <file>driverlib.a</file>
         <name>dl_sysctl_mspm0g1x0x_g3x0x.o</name>
      </input_file>
      <input_file id="fl-39">
         <path>C:\ti\ccs2020\ccs\tools\compiler\ti-cgt-armllvm_4.0.3.LTS\lib\armv6m-ti-none-eabi\c\</path>
         <kind>archive</kind>
         <file>libc.a</file>
         <name>printf.c.obj</name>
      </input_file>
      <input_file id="fl-3a">
         <path>C:\ti\ccs2020\ccs\tools\compiler\ti-cgt-armllvm_4.0.3.LTS\lib\armv6m-ti-none-eabi\c\</path>
         <kind>archive</kind>
         <file>libc.a</file>
         <name>_printfi.c.obj</name>
      </input_file>
      <input_file id="fl-3b">
         <path>C:\ti\ccs2020\ccs\tools\compiler\ti-cgt-armllvm_4.0.3.LTS\lib\armv6m-ti-none-eabi\c\</path>
         <kind>archive</kind>
         <file>libc.a</file>
         <name>e_pow.c.obj</name>
      </input_file>
      <input_file id="fl-3c">
         <path>C:\ti\ccs2020\ccs\tools\compiler\ti-cgt-armllvm_4.0.3.LTS\lib\armv6m-ti-none-eabi\c\</path>
         <kind>archive</kind>
         <file>libc.a</file>
         <name>e_sqrt.c.obj</name>
      </input_file>
      <input_file id="fl-3d">
         <path>C:\ti\ccs2020\ccs\tools\compiler\ti-cgt-armllvm_4.0.3.LTS\lib\armv6m-ti-none-eabi\c\</path>
         <kind>archive</kind>
         <file>libc.a</file>
         <name>s_frexp.c.obj</name>
      </input_file>
      <input_file id="fl-3e">
         <path>C:\ti\ccs2020\ccs\tools\compiler\ti-cgt-armllvm_4.0.3.LTS\lib\armv6m-ti-none-eabi\c\</path>
         <kind>archive</kind>
         <file>libc.a</file>
         <name>s_scalbn.c.obj</name>
      </input_file>
      <input_file id="fl-3f">
         <path>C:\ti\ccs2020\ccs\tools\compiler\ti-cgt-armllvm_4.0.3.LTS\lib\armv6m-ti-none-eabi\c\</path>
         <kind>archive</kind>
         <file>libc.a</file>
         <name>wcslen.c.obj</name>
      </input_file>
      <input_file id="fl-40">
         <path>C:\ti\ccs2020\ccs\tools\compiler\ti-cgt-armllvm_4.0.3.LTS\lib\armv6m-ti-none-eabi\c\</path>
         <kind>archive</kind>
         <file>libc.a</file>
         <name>aeabi_portable.c.obj</name>
      </input_file>
      <input_file id="fl-41">
         <path>C:\ti\ccs2020\ccs\tools\compiler\ti-cgt-armllvm_4.0.3.LTS\lib\armv6m-ti-none-eabi\c\</path>
         <kind>archive</kind>
         <file>libc.a</file>
         <name>_lock.c.obj</name>
      </input_file>
      <input_file id="fl-42">
         <path>C:\ti\ccs2020\ccs\tools\compiler\ti-cgt-armllvm_4.0.3.LTS\lib\armv6m-ti-none-eabi\c\</path>
         <kind>archive</kind>
         <file>libc.a</file>
         <name>_ltoa.c.obj</name>
      </input_file>
      <input_file id="fl-43">
         <path>C:\ti\ccs2020\ccs\tools\compiler\ti-cgt-armllvm_4.0.3.LTS\lib\armv6m-ti-none-eabi\c\</path>
         <kind>archive</kind>
         <file>libc.a</file>
         <name>assert.c.obj</name>
      </input_file>
      <input_file id="fl-44">
         <path>C:\ti\ccs2020\ccs\tools\compiler\ti-cgt-armllvm_4.0.3.LTS\lib\armv6m-ti-none-eabi\c\</path>
         <kind>archive</kind>
         <file>libc.a</file>
         <name>atoi.c.obj</name>
      </input_file>
      <input_file id="fl-45">
         <path>C:\ti\ccs2020\ccs\tools\compiler\ti-cgt-armllvm_4.0.3.LTS\lib\armv6m-ti-none-eabi\c\</path>
         <kind>archive</kind>
         <file>libc.a</file>
         <name>defs.c.obj</name>
      </input_file>
      <input_file id="fl-46">
         <path>C:\ti\ccs2020\ccs\tools\compiler\ti-cgt-armllvm_4.0.3.LTS\lib\armv6m-ti-none-eabi\c\</path>
         <kind>archive</kind>
         <file>libc.a</file>
         <name>memccpy.c.obj</name>
      </input_file>
      <input_file id="fl-47">
         <path>C:\ti\ccs2020\ccs\tools\compiler\ti-cgt-armllvm_4.0.3.LTS\lib\armv6m-ti-none-eabi\c\</path>
         <kind>archive</kind>
         <file>libc.a</file>
         <name>memory.c.obj</name>
      </input_file>
      <input_file id="fl-48">
         <path>C:\ti\ccs2020\ccs\tools\compiler\ti-cgt-armllvm_4.0.3.LTS\lib\armv6m-ti-none-eabi\c\</path>
         <kind>archive</kind>
         <file>libc.a</file>
         <name>strlen.c.obj</name>
      </input_file>
      <input_file id="fl-49">
         <path>C:\ti\ccs2020\ccs\tools\compiler\ti-cgt-armllvm_4.0.3.LTS\lib\armv6m-ti-none-eabi\c\</path>
         <kind>archive</kind>
         <file>libc.a</file>
         <name>boot_cortex_m.c.obj</name>
      </input_file>
      <input_file id="fl-4a">
         <path>C:\ti\ccs2020\ccs\tools\compiler\ti-cgt-armllvm_4.0.3.LTS\lib\armv6m-ti-none-eabi\c\</path>
         <kind>archive</kind>
         <file>libc.a</file>
         <name>mathacl_init.c.obj</name>
      </input_file>
      <input_file id="fl-4b">
         <path>C:\ti\ccs2020\ccs\tools\compiler\ti-cgt-armllvm_4.0.3.LTS\lib\armv6m-ti-none-eabi\c\</path>
         <kind>archive</kind>
         <file>libc.a</file>
         <name>autoinit.c.obj</name>
      </input_file>
      <input_file id="fl-4c">
         <path>C:\ti\ccs2020\ccs\tools\compiler\ti-cgt-armllvm_4.0.3.LTS\lib\armv6m-ti-none-eabi\c\</path>
         <kind>archive</kind>
         <file>libc.a</file>
         <name>pre_init.c.obj</name>
      </input_file>
      <input_file id="fl-4d">
         <path>C:\ti\ccs2020\ccs\tools\compiler\ti-cgt-armllvm_4.0.3.LTS\lib\armv6m-ti-none-eabi\c\</path>
         <kind>archive</kind>
         <file>libc.a</file>
         <name>cpy_tbl.c.obj</name>
      </input_file>
      <input_file id="fl-4e">
         <path>C:\ti\ccs2020\ccs\tools\compiler\ti-cgt-armllvm_4.0.3.LTS\lib\armv6m-ti-none-eabi\c\</path>
         <kind>archive</kind>
         <file>libc.a</file>
         <name>copy_zero_init.c.obj</name>
      </input_file>
      <input_file id="fl-4f">
         <path>C:\ti\ccs2020\ccs\tools\compiler\ti-cgt-armllvm_4.0.3.LTS\lib\armv6m-ti-none-eabi\c\</path>
         <kind>archive</kind>
         <file>libc.a</file>
         <name>copy_decompress_none.c.obj</name>
      </input_file>
      <input_file id="fl-50">
         <path>C:\ti\ccs2020\ccs\tools\compiler\ti-cgt-armllvm_4.0.3.LTS\lib\armv6m-ti-none-eabi\c\</path>
         <kind>archive</kind>
         <file>libc.a</file>
         <name>copy_decompress_lzss.c.obj</name>
      </input_file>
      <input_file id="fl-51">
         <path>C:\ti\ccs2020\ccs\tools\compiler\ti-cgt-armllvm_4.0.3.LTS\lib\armv6m-ti-none-eabi\c\</path>
         <kind>archive</kind>
         <file>libc.a</file>
         <name>sprintf.c.obj</name>
      </input_file>
      <input_file id="fl-52">
         <path>C:\ti\ccs2020\ccs\tools\compiler\ti-cgt-armllvm_4.0.3.LTS\lib\armv6m-ti-none-eabi\c\</path>
         <kind>archive</kind>
         <file>libc.a</file>
         <name>fflush.c.obj</name>
      </input_file>
      <input_file id="fl-53">
         <path>C:\ti\ccs2020\ccs\tools\compiler\ti-cgt-armllvm_4.0.3.LTS\lib\armv6m-ti-none-eabi\c\</path>
         <kind>archive</kind>
         <file>libc.a</file>
         <name>aeabi_ctype.S.obj</name>
      </input_file>
      <input_file id="fl-54">
         <path>C:\ti\ccs2020\ccs\tools\compiler\ti-cgt-armllvm_4.0.3.LTS\lib\armv6m-ti-none-eabi\c\</path>
         <kind>archive</kind>
         <file>libc.a</file>
         <name>exit.c.obj</name>
      </input_file>
      <input_file id="fl-55">
         <path>C:\ti\ccs2020\ccs\tools\compiler\ti-cgt-armllvm_4.0.3.LTS\lib\armv6m-ti-none-eabi\c\</path>
         <kind>archive</kind>
         <file>libc.a</file>
         <name>args_main.c.obj</name>
      </input_file>
      <input_file id="fl-f5">
         <path>C:\ti\ccs2020\ccs\tools\compiler\ti-cgt-armllvm_4.0.3.LTS\lib\armv6m-ti-none-eabi\c\</path>
         <kind>archive</kind>
         <file>libsysbm.a</file>
         <name>hostexit.c.obj</name>
      </input_file>
      <input_file id="fl-f6">
         <path>C:\ti\ccs2020\ccs\tools\compiler\ti-cgt-armllvm_4.0.3.LTS\lib\armv6m-ti-none-eabi\c\</path>
         <kind>archive</kind>
         <file>libsysbm.a</file>
         <name>write.c.obj</name>
      </input_file>
      <input_file id="fl-f7">
         <path>C:\ti\ccs2020\ccs\tools\compiler\ti-cgt-armllvm_4.0.3.LTS\lib\armv6m-ti-none-eabi\c\</path>
         <kind>archive</kind>
         <file>libsysbm.a</file>
         <name>host_device.c.obj</name>
      </input_file>
      <input_file id="fl-f8">
         <path>C:\ti\ccs2020\ccs\tools\compiler\ti-cgt-armllvm_4.0.3.LTS\lib\armv6m-ti-none-eabi\c\</path>
         <kind>archive</kind>
         <file>libsysbm.a</file>
         <name>hostclose.c.obj</name>
      </input_file>
      <input_file id="fl-f9">
         <path>C:\ti\ccs2020\ccs\tools\compiler\ti-cgt-armllvm_4.0.3.LTS\lib\armv6m-ti-none-eabi\c\</path>
         <kind>archive</kind>
         <file>libsysbm.a</file>
         <name>hostlseek.c.obj</name>
      </input_file>
      <input_file id="fl-fa">
         <path>C:\ti\ccs2020\ccs\tools\compiler\ti-cgt-armllvm_4.0.3.LTS\lib\armv6m-ti-none-eabi\c\</path>
         <kind>archive</kind>
         <file>libsysbm.a</file>
         <name>hostopen.c.obj</name>
      </input_file>
      <input_file id="fl-fb">
         <path>C:\ti\ccs2020\ccs\tools\compiler\ti-cgt-armllvm_4.0.3.LTS\lib\armv6m-ti-none-eabi\c\</path>
         <kind>archive</kind>
         <file>libsysbm.a</file>
         <name>hostread.c.obj</name>
      </input_file>
      <input_file id="fl-fc">
         <path>C:\ti\ccs2020\ccs\tools\compiler\ti-cgt-armllvm_4.0.3.LTS\lib\armv6m-ti-none-eabi\c\</path>
         <kind>archive</kind>
         <file>libsysbm.a</file>
         <name>hostrename.c.obj</name>
      </input_file>
      <input_file id="fl-fd">
         <path>C:\ti\ccs2020\ccs\tools\compiler\ti-cgt-armllvm_4.0.3.LTS\lib\armv6m-ti-none-eabi\c\</path>
         <kind>archive</kind>
         <file>libsysbm.a</file>
         <name>hostunlink.c.obj</name>
      </input_file>
      <input_file id="fl-fe">
         <path>C:\ti\ccs2020\ccs\tools\compiler\ti-cgt-armllvm_4.0.3.LTS\lib\armv6m-ti-none-eabi\c\</path>
         <kind>archive</kind>
         <file>libsysbm.a</file>
         <name>hostwrite.c.obj</name>
      </input_file>
      <input_file id="fl-ff">
         <path>C:\ti\ccs2020\ccs\tools\compiler\ti-cgt-armllvm_4.0.3.LTS\lib\armv6m-ti-none-eabi\c\</path>
         <kind>archive</kind>
         <file>libsysbm.a</file>
         <name>trgmsg.c.obj</name>
      </input_file>
      <input_file id="fl-100">
         <path>C:\ti\ccs2020\ccs\tools\compiler\ti-cgt-armllvm_4.0.3.LTS\lib\armv6m-ti-none-eabi\</path>
         <kind>archive</kind>
         <file>libclang_rt.builtins.a</file>
         <name>addsf3.S.obj</name>
      </input_file>
      <input_file id="fl-101">
         <path>C:\ti\ccs2020\ccs\tools\compiler\ti-cgt-armllvm_4.0.3.LTS\lib\armv6m-ti-none-eabi\</path>
         <kind>archive</kind>
         <file>libclang_rt.builtins.a</file>
         <name>adddf3.S.obj</name>
      </input_file>
      <input_file id="fl-102">
         <path>C:\ti\ccs2020\ccs\tools\compiler\ti-cgt-armllvm_4.0.3.LTS\lib\armv6m-ti-none-eabi\</path>
         <kind>archive</kind>
         <file>libclang_rt.builtins.a</file>
         <name>muldf3.S.obj</name>
      </input_file>
      <input_file id="fl-103">
         <path>C:\ti\ccs2020\ccs\tools\compiler\ti-cgt-armllvm_4.0.3.LTS\lib\armv6m-ti-none-eabi\</path>
         <kind>archive</kind>
         <file>libclang_rt.builtins.a</file>
         <name>muldsi3.S.obj</name>
      </input_file>
      <input_file id="fl-104">
         <path>C:\ti\ccs2020\ccs\tools\compiler\ti-cgt-armllvm_4.0.3.LTS\lib\armv6m-ti-none-eabi\</path>
         <kind>archive</kind>
         <file>libclang_rt.builtins.a</file>
         <name>mulsf3.S.obj</name>
      </input_file>
      <input_file id="fl-105">
         <path>C:\ti\ccs2020\ccs\tools\compiler\ti-cgt-armllvm_4.0.3.LTS\lib\armv6m-ti-none-eabi\</path>
         <kind>archive</kind>
         <file>libclang_rt.builtins.a</file>
         <name>divsf3.S.obj</name>
      </input_file>
      <input_file id="fl-106">
         <path>C:\ti\ccs2020\ccs\tools\compiler\ti-cgt-armllvm_4.0.3.LTS\lib\armv6m-ti-none-eabi\</path>
         <kind>archive</kind>
         <file>libclang_rt.builtins.a</file>
         <name>divdf3.S.obj</name>
      </input_file>
      <input_file id="fl-107">
         <path>C:\ti\ccs2020\ccs\tools\compiler\ti-cgt-armllvm_4.0.3.LTS\lib\armv6m-ti-none-eabi\</path>
         <kind>archive</kind>
         <file>libclang_rt.builtins.a</file>
         <name>extendsfdf2.S.obj</name>
      </input_file>
      <input_file id="fl-108">
         <path>C:\ti\ccs2020\ccs\tools\compiler\ti-cgt-armllvm_4.0.3.LTS\lib\armv6m-ti-none-eabi\</path>
         <kind>archive</kind>
         <file>libclang_rt.builtins.a</file>
         <name>fixdfsi.S.obj</name>
      </input_file>
      <input_file id="fl-109">
         <path>C:\ti\ccs2020\ccs\tools\compiler\ti-cgt-armllvm_4.0.3.LTS\lib\armv6m-ti-none-eabi\</path>
         <kind>archive</kind>
         <file>libclang_rt.builtins.a</file>
         <name>fixsfsi.S.obj</name>
      </input_file>
      <input_file id="fl-10a">
         <path>C:\ti\ccs2020\ccs\tools\compiler\ti-cgt-armllvm_4.0.3.LTS\lib\armv6m-ti-none-eabi\</path>
         <kind>archive</kind>
         <file>libclang_rt.builtins.a</file>
         <name>floatsidf.S.obj</name>
      </input_file>
      <input_file id="fl-10b">
         <path>C:\ti\ccs2020\ccs\tools\compiler\ti-cgt-armllvm_4.0.3.LTS\lib\armv6m-ti-none-eabi\</path>
         <kind>archive</kind>
         <file>libclang_rt.builtins.a</file>
         <name>floatsisf.S.obj</name>
      </input_file>
      <input_file id="fl-10c">
         <path>C:\ti\ccs2020\ccs\tools\compiler\ti-cgt-armllvm_4.0.3.LTS\lib\armv6m-ti-none-eabi\</path>
         <kind>archive</kind>
         <file>libclang_rt.builtins.a</file>
         <name>floatunsisf.S.obj</name>
      </input_file>
      <input_file id="fl-10d">
         <path>C:\ti\ccs2020\ccs\tools\compiler\ti-cgt-armllvm_4.0.3.LTS\lib\armv6m-ti-none-eabi\</path>
         <kind>archive</kind>
         <file>libclang_rt.builtins.a</file>
         <name>muldi3.S.obj</name>
      </input_file>
      <input_file id="fl-10e">
         <path>C:\ti\ccs2020\ccs\tools\compiler\ti-cgt-armllvm_4.0.3.LTS\lib\armv6m-ti-none-eabi\</path>
         <kind>archive</kind>
         <file>libclang_rt.builtins.a</file>
         <name>truncdfsf2.S.obj</name>
      </input_file>
      <input_file id="fl-10f">
         <path>C:\ti\ccs2020\ccs\tools\compiler\ti-cgt-armllvm_4.0.3.LTS\lib\armv6m-ti-none-eabi\</path>
         <kind>archive</kind>
         <file>libclang_rt.builtins.a</file>
         <name>aeabi_dcmp.S.obj</name>
      </input_file>
      <input_file id="fl-110">
         <path>C:\ti\ccs2020\ccs\tools\compiler\ti-cgt-armllvm_4.0.3.LTS\lib\armv6m-ti-none-eabi\</path>
         <kind>archive</kind>
         <file>libclang_rt.builtins.a</file>
         <name>aeabi_fcmp.S.obj</name>
      </input_file>
      <input_file id="fl-111">
         <path>C:\ti\ccs2020\ccs\tools\compiler\ti-cgt-armllvm_4.0.3.LTS\lib\armv6m-ti-none-eabi\</path>
         <kind>archive</kind>
         <file>libclang_rt.builtins.a</file>
         <name>aeabi_idivmod.S.obj</name>
      </input_file>
      <input_file id="fl-112">
         <path>C:\ti\ccs2020\ccs\tools\compiler\ti-cgt-armllvm_4.0.3.LTS\lib\armv6m-ti-none-eabi\</path>
         <kind>archive</kind>
         <file>libclang_rt.builtins.a</file>
         <name>aeabi_memcpy.S.obj</name>
      </input_file>
      <input_file id="fl-113">
         <path>C:\ti\ccs2020\ccs\tools\compiler\ti-cgt-armllvm_4.0.3.LTS\lib\armv6m-ti-none-eabi\</path>
         <kind>archive</kind>
         <file>libclang_rt.builtins.a</file>
         <name>aeabi_memset.S.obj</name>
      </input_file>
      <input_file id="fl-114">
         <path>C:\ti\ccs2020\ccs\tools\compiler\ti-cgt-armllvm_4.0.3.LTS\lib\armv6m-ti-none-eabi\</path>
         <kind>archive</kind>
         <file>libclang_rt.builtins.a</file>
         <name>aeabi_uidivmod.S.obj</name>
      </input_file>
      <input_file id="fl-115">
         <path>C:\ti\ccs2020\ccs\tools\compiler\ti-cgt-armllvm_4.0.3.LTS\lib\armv6m-ti-none-eabi\</path>
         <kind>archive</kind>
         <file>libclang_rt.builtins.a</file>
         <name>aeabi_uldivmod.S.obj</name>
      </input_file>
      <input_file id="fl-116">
         <path>C:\ti\ccs2020\ccs\tools\compiler\ti-cgt-armllvm_4.0.3.LTS\lib\armv6m-ti-none-eabi\</path>
         <kind>archive</kind>
         <file>libclang_rt.builtins.a</file>
         <name>comparesf2.S.obj</name>
      </input_file>
      <input_file id="fl-117">
         <path>C:\ti\ccs2020\ccs\tools\compiler\ti-cgt-armllvm_4.0.3.LTS\lib\armv6m-ti-none-eabi\</path>
         <kind>archive</kind>
         <file>libclang_rt.builtins.a</file>
         <name>udivmoddi4.S.obj</name>
      </input_file>
      <input_file id="fl-118">
         <path>C:\ti\ccs2020\ccs\tools\compiler\ti-cgt-armllvm_4.0.3.LTS\lib\armv6m-ti-none-eabi\</path>
         <kind>archive</kind>
         <file>libclang_rt.builtins.a</file>
         <name>ashldi3.S.obj</name>
      </input_file>
      <input_file id="fl-119">
         <path>C:\ti\ccs2020\ccs\tools\compiler\ti-cgt-armllvm_4.0.3.LTS\lib\armv6m-ti-none-eabi\</path>
         <kind>archive</kind>
         <file>libclang_rt.builtins.a</file>
         <name>comparedf2.c.obj</name>
      </input_file>
      <input_file id="fl-11a">
         <path>C:\ti\ccs2020\ccs\tools\compiler\ti-cgt-armllvm_4.0.3.LTS\lib\armv6m-ti-none-eabi\</path>
         <kind>archive</kind>
         <file>libclang_rt.builtins.a</file>
         <name>aeabi_div0.c.obj</name>
      </input_file>
      <input_file id="fl-11b">
         <path>C:\ti\ccs2020\ccs\tools\compiler\ti-cgt-armllvm_4.0.3.LTS\lib\armv6m-ti-none-eabi\c\</path>
         <kind>archive</kind>
         <file>libc.a</file>
         <name>memcpy16.S.obj</name>
      </input_file>
      <input_file id="fl-11c">
         <path>C:\ti\ccs2020\ccs\tools\compiler\ti-cgt-armllvm_4.0.3.LTS\lib\armv6m-ti-none-eabi\c\</path>
         <kind>archive</kind>
         <file>libc.a</file>
         <name>memset16.S.obj</name>
      </input_file>
   </input_file_list>
   <object_component_list>
      <object_component id="oc-18">
         <name>.intvecs</name>
         <load_address>0x0</load_address>
         <readonly>true</readonly>
         <run_address>0x0</run_address>
         <size>0xc0</size>
         <alignment>0x4</alignment>
         <input_file_ref idref="fl-3"/>
      </object_component>
      <object_component id="oc-242">
         <name>.text.pow</name>
         <load_address>0xc0</load_address>
         <readonly>true</readonly>
         <executable>true</executable>
         <run_address>0xc0</run_address>
         <size>0xa48</size>
         <alignment>0x4</alignment>
         <input_file_ref idref="fl-3b"/>
      </object_component>
      <object_component id="oc-131">
         <name>.text.oled_show</name>
         <load_address>0xb08</load_address>
         <readonly>true</readonly>
         <executable>true</executable>
         <run_address>0xb08</run_address>
         <size>0x4a0</size>
         <alignment>0x4</alignment>
         <input_file_ref idref="fl-6"/>
      </object_component>
      <object_component id="oc-199">
         <name>.text.bt_control</name>
         <load_address>0xfa8</load_address>
         <readonly>true</readonly>
         <executable>true</executable>
         <run_address>0xfa8</run_address>
         <size>0x338</size>
         <alignment>0x4</alignment>
         <input_file_ref idref="fl-7"/>
      </object_component>
      <object_component id="oc-87">
         <name>.text.IRDM_line_inspection</name>
         <load_address>0x12e0</load_address>
         <readonly>true</readonly>
         <executable>true</executable>
         <run_address>0x12e0</run_address>
         <size>0x300</size>
         <alignment>0x4</alignment>
         <input_file_ref idref="fl-8"/>
      </object_component>
      <object_component id="oc-2a3">
         <name>.text:__TI_printfi_minimal</name>
         <load_address>0x15e0</load_address>
         <readonly>true</readonly>
         <executable>true</executable>
         <run_address>0x15e0</run_address>
         <size>0x284</size>
         <alignment>0x4</alignment>
         <input_file_ref idref="fl-3a"/>
      </object_component>
      <object_component id="oc-86">
         <name>.text.Get_RC</name>
         <load_address>0x1864</load_address>
         <readonly>true</readonly>
         <executable>true</executable>
         <run_address>0x1864</run_address>
         <size>0x1c4</size>
         <alignment>0x4</alignment>
         <input_file_ref idref="fl-5"/>
      </object_component>
      <object_component id="oc-136">
         <name>.text.APP_Show</name>
         <load_address>0x1a28</load_address>
         <readonly>true</readonly>
         <executable>true</executable>
         <run_address>0x1a28</run_address>
         <size>0x1a4</size>
         <alignment>0x4</alignment>
         <input_file_ref idref="fl-6"/>
      </object_component>
      <object_component id="oc-248">
         <name>.text.adddf3_subdf3</name>
         <load_address>0x1bcc</load_address>
         <readonly>true</readonly>
         <executable>true</executable>
         <run_address>0x1bcc</run_address>
         <size>0x192</size>
         <alignment>0x4</alignment>
         <input_file_ref idref="fl-101"/>
      </object_component>
      <object_component id="oc-255">
         <name>.text.__aeabi_idiv0</name>
         <load_address>0x1d5e</load_address>
         <readonly>true</readonly>
         <executable>true</executable>
         <run_address>0x1d5e</run_address>
         <size>0x2</size>
         <alignment>0x2</alignment>
         <input_file_ref idref="fl-11a"/>
      </object_component>
      <object_component id="oc-c5">
         <name>.text.key_scan</name>
         <load_address>0x1d60</load_address>
         <readonly>true</readonly>
         <executable>true</executable>
         <run_address>0x1d60</run_address>
         <size>0x184</size>
         <alignment>0x4</alignment>
         <input_file_ref idref="fl-c"/>
      </object_component>
      <object_component id="oc-17a">
         <name>.text.SYSCFG_DL_GPIO_init</name>
         <load_address>0x1ee4</load_address>
         <readonly>true</readonly>
         <executable>true</executable>
         <run_address>0x1ee4</run_address>
         <size>0x17c</size>
         <alignment>0x4</alignment>
         <input_file_ref idref="fl-2"/>
      </object_component>
      <object_component id="oc-296">
         <name>.text.sqrt</name>
         <load_address>0x2060</load_address>
         <readonly>true</readonly>
         <executable>true</executable>
         <run_address>0x2060</run_address>
         <size>0x170</size>
         <alignment>0x4</alignment>
         <input_file_ref idref="fl-3c"/>
      </object_component>
      <object_component id="oc-34">
         <name>.text.GROUP1_IRQHandler</name>
         <load_address>0x21d0</load_address>
         <readonly>true</readonly>
         <executable>true</executable>
         <run_address>0x21d0</run_address>
         <size>0x120</size>
         <alignment>0x4</alignment>
         <input_file_ref idref="fl-b"/>
      </object_component>
      <object_component id="oc-253">
         <name>.text.OLED_ShowChar</name>
         <load_address>0x22f0</load_address>
         <readonly>true</readonly>
         <executable>true</executable>
         <run_address>0x22f0</run_address>
         <size>0x114</size>
         <alignment>0x4</alignment>
         <input_file_ref idref="fl-f"/>
      </object_component>
      <object_component id="oc-97">
         <name>.text.Set_PWM</name>
         <load_address>0x2404</load_address>
         <readonly>true</readonly>
         <executable>true</executable>
         <run_address>0x2404</run_address>
         <size>0x10c</size>
         <alignment>0x4</alignment>
         <input_file_ref idref="fl-e"/>
      </object_component>
      <object_component id="oc-db">
         <name>.text.__divdf3</name>
         <load_address>0x2510</load_address>
         <readonly>true</readonly>
         <executable>true</executable>
         <run_address>0x2510</run_address>
         <size>0x10c</size>
         <alignment>0x4</alignment>
         <input_file_ref idref="fl-106"/>
      </object_component>
      <object_component id="oc-206">
         <name>.text.DL_Timer_initFourCCPWMMode</name>
         <load_address>0x261c</load_address>
         <readonly>true</readonly>
         <executable>true</executable>
         <run_address>0x261c</run_address>
         <size>0x104</size>
         <alignment>0x4</alignment>
         <input_file_ref idref="fl-20"/>
      </object_component>
      <object_component id="oc-20e">
         <name>.text.DL_Timer_initTimerMode</name>
         <load_address>0x2720</load_address>
         <readonly>true</readonly>
         <executable>true</executable>
         <run_address>0x2720</run_address>
         <size>0xe8</size>
         <alignment>0x4</alignment>
         <input_file_ref idref="fl-20"/>
      </object_component>
      <object_component id="oc-12a">
         <name>.text.OLED_Init</name>
         <load_address>0x2808</load_address>
         <readonly>true</readonly>
         <executable>true</executable>
         <run_address>0x2808</run_address>
         <size>0xe4</size>
         <alignment>0x2</alignment>
         <input_file_ref idref="fl-f"/>
      </object_component>
      <object_component id="oc-43">
         <name>.text.TIMG0_IRQHandler</name>
         <load_address>0x28ec</load_address>
         <readonly>true</readonly>
         <executable>true</executable>
         <run_address>0x28ec</run_address>
         <size>0xe4</size>
         <alignment>0x4</alignment>
         <input_file_ref idref="fl-5"/>
      </object_component>
      <object_component id="oc-d7">
         <name>.text.__muldf3</name>
         <load_address>0x29d0</load_address>
         <readonly>true</readonly>
         <executable>true</executable>
         <run_address>0x29d0</run_address>
         <size>0xe4</size>
         <alignment>0x4</alignment>
         <input_file_ref idref="fl-102"/>
      </object_component>
      <object_component id="oc-1fb">
         <name>.text.DL_SYSCTL_configSYSPLL</name>
         <load_address>0x2ab4</load_address>
         <readonly>true</readonly>
         <executable>true</executable>
         <run_address>0x2ab4</run_address>
         <size>0xdc</size>
         <alignment>0x4</alignment>
         <input_file_ref idref="fl-22"/>
      </object_component>
      <object_component id="oc-19e">
         <name>.text.OLED_ShowNumber</name>
         <load_address>0x2b90</load_address>
         <readonly>true</readonly>
         <executable>true</executable>
         <run_address>0x2b90</run_address>
         <size>0xdc</size>
         <alignment>0x2</alignment>
         <input_file_ref idref="fl-f"/>
      </object_component>
      <object_component id="oc-291">
         <name>.text.scalbn</name>
         <load_address>0x2c6c</load_address>
         <readonly>true</readonly>
         <executable>true</executable>
         <run_address>0x2c6c</run_address>
         <size>0xd8</size>
         <alignment>0x4</alignment>
         <input_file_ref idref="fl-3e"/>
      </object_component>
      <object_component id="oc-e4">
         <name>.text</name>
         <load_address>0x2d44</load_address>
         <readonly>true</readonly>
         <executable>true</executable>
         <run_address>0x2d44</run_address>
         <size>0xd8</size>
         <alignment>0x4</alignment>
         <input_file_ref idref="fl-100"/>
      </object_component>
      <object_component id="oc-130">
         <name>.text.BTBufferHandler</name>
         <load_address>0x2e1c</load_address>
         <readonly>true</readonly>
         <executable>true</executable>
         <run_address>0x2e1c</run_address>
         <size>0xd4</size>
         <alignment>0x4</alignment>
         <input_file_ref idref="fl-7"/>
      </object_component>
      <object_component id="oc-8d">
         <name>.text.Incremental_PI_Left</name>
         <load_address>0x2ef0</load_address>
         <readonly>true</readonly>
         <executable>true</executable>
         <run_address>0x2ef0</run_address>
         <size>0xcc</size>
         <alignment>0x4</alignment>
         <input_file_ref idref="fl-5"/>
      </object_component>
      <object_component id="oc-92">
         <name>.text.Incremental_PI_Right</name>
         <load_address>0x2fbc</load_address>
         <readonly>true</readonly>
         <executable>true</executable>
         <run_address>0x2fbc</run_address>
         <size>0xcc</size>
         <alignment>0x4</alignment>
         <input_file_ref idref="fl-5"/>
      </object_component>
      <object_component id="oc-85">
         <name>.text.Get_Velocity_From_Encoder</name>
         <load_address>0x3088</load_address>
         <readonly>true</readonly>
         <executable>true</executable>
         <run_address>0x3088</run_address>
         <size>0xa0</size>
         <alignment>0x4</alignment>
         <input_file_ref idref="fl-5"/>
      </object_component>
      <object_component id="oc-29d">
         <name>.text.OLED_DrawPoint</name>
         <load_address>0x3128</load_address>
         <readonly>true</readonly>
         <executable>true</executable>
         <run_address>0x3128</run_address>
         <size>0x90</size>
         <alignment>0x4</alignment>
         <input_file_ref idref="fl-f"/>
      </object_component>
      <object_component id="oc-237">
         <name>.text.delay_us</name>
         <load_address>0x31b8</load_address>
         <readonly>true</readonly>
         <executable>true</executable>
         <run_address>0x31b8</run_address>
         <size>0x90</size>
         <alignment>0x4</alignment>
         <input_file_ref idref="fl-a"/>
      </object_component>
      <object_component id="oc-17c">
         <name>.text.SYSCFG_DL_PWM_0_init</name>
         <load_address>0x3248</load_address>
         <readonly>true</readonly>
         <executable>true</executable>
         <run_address>0x3248</run_address>
         <size>0x8c</size>
         <alignment>0x4</alignment>
         <input_file_ref idref="fl-2"/>
      </object_component>
      <object_component id="oc-179">
         <name>.text.SYSCFG_DL_initPower</name>
         <load_address>0x32d4</load_address>
         <readonly>true</readonly>
         <executable>true</executable>
         <run_address>0x32d4</run_address>
         <size>0x8c</size>
         <alignment>0x4</alignment>
         <input_file_ref idref="fl-2"/>
      </object_component>
      <object_component id="oc-cf">
         <name>.text.__mulsf3</name>
         <load_address>0x3360</load_address>
         <readonly>true</readonly>
         <executable>true</executable>
         <run_address>0x3360</run_address>
         <size>0x8c</size>
         <alignment>0x4</alignment>
         <input_file_ref idref="fl-104"/>
      </object_component>
      <object_component id="oc-203">
         <name>.text.__NVIC_SetPriority</name>
         <load_address>0x33ec</load_address>
         <readonly>true</readonly>
         <executable>true</executable>
         <run_address>0x33ec</run_address>
         <size>0x84</size>
         <alignment>0x4</alignment>
         <input_file_ref idref="fl-2"/>
      </object_component>
      <object_component id="oc-b2">
         <name>.text.main</name>
         <load_address>0x3470</load_address>
         <readonly>true</readonly>
         <executable>true</executable>
         <run_address>0x3470</run_address>
         <size>0x84</size>
         <alignment>0x4</alignment>
         <input_file_ref idref="fl-1"/>
      </object_component>
      <object_component id="oc-e8">
         <name>.text.__divsf3</name>
         <load_address>0x34f4</load_address>
         <readonly>true</readonly>
         <executable>true</executable>
         <run_address>0x34f4</run_address>
         <size>0x82</size>
         <alignment>0x4</alignment>
         <input_file_ref idref="fl-105"/>
      </object_component>
      <object_component id="oc-265">
         <name>.text._nop</name>
         <load_address>0x3576</load_address>
         <readonly>true</readonly>
         <executable>true</executable>
         <run_address>0x3576</run_address>
         <size>0x2</size>
         <alignment>0x2</alignment>
         <input_file_ref idref="fl-41"/>
      </object_component>
      <object_component id="oc-8c">
         <name>.text.Get_Target_Encoder</name>
         <load_address>0x3578</load_address>
         <readonly>true</readonly>
         <executable>true</executable>
         <run_address>0x3578</run_address>
         <size>0x80</size>
         <alignment>0x4</alignment>
         <input_file_ref idref="fl-5"/>
      </object_component>
      <object_component id="oc-1a6">
         <name>.text.OLED_Refresh_Gram</name>
         <load_address>0x35f8</load_address>
         <readonly>true</readonly>
         <executable>true</executable>
         <run_address>0x35f8</run_address>
         <size>0x7c</size>
         <alignment>0x4</alignment>
         <input_file_ref idref="fl-f"/>
      </object_component>
      <object_component id="oc-1c">
         <name>.text:decompress:lzss</name>
         <load_address>0x3674</load_address>
         <readonly>true</readonly>
         <executable>true</executable>
         <run_address>0x3674</run_address>
         <size>0x7c</size>
         <alignment>0x4</alignment>
         <input_file_ref idref="fl-50"/>
      </object_component>
      <object_component id="oc-19d">
         <name>.text.OLED_ShowString</name>
         <load_address>0x36f0</load_address>
         <readonly>true</readonly>
         <executable>true</executable>
         <run_address>0x36f0</run_address>
         <size>0x7a</size>
         <alignment>0x2</alignment>
         <input_file_ref idref="fl-f"/>
      </object_component>
      <object_component id="oc-2bd">
         <name>.text.__gedf2</name>
         <load_address>0x376c</load_address>
         <readonly>true</readonly>
         <executable>true</executable>
         <run_address>0x376c</run_address>
         <size>0x74</size>
         <alignment>0x4</alignment>
         <input_file_ref idref="fl-119"/>
      </object_component>
      <object_component id="oc-df">
         <name>.text.__truncdfsf2</name>
         <load_address>0x37e0</load_address>
         <readonly>true</readonly>
         <executable>true</executable>
         <run_address>0x37e0</run_address>
         <size>0x74</size>
         <alignment>0x10</alignment>
         <input_file_ref idref="fl-10e"/>
      </object_component>
      <object_component id="oc-18d">
         <name>.text.OLED_WR_Byte</name>
         <load_address>0x3854</load_address>
         <readonly>true</readonly>
         <executable>true</executable>
         <run_address>0x3854</run_address>
         <size>0x6e</size>
         <alignment>0x2</alignment>
         <input_file_ref idref="fl-f"/>
      </object_component>
      <object_component id="oc-180">
         <name>.text.SYSCFG_DL_ADC12_VOLTAGE_init</name>
         <load_address>0x38c4</load_address>
         <readonly>true</readonly>
         <executable>true</executable>
         <run_address>0x38c4</run_address>
         <size>0x68</size>
         <alignment>0x4</alignment>
         <input_file_ref idref="fl-2"/>
      </object_component>
      <object_component id="oc-2b7">
         <name>.text.__ledf2</name>
         <load_address>0x392c</load_address>
         <readonly>true</readonly>
         <executable>true</executable>
         <run_address>0x392c</run_address>
         <size>0x68</size>
         <alignment>0x4</alignment>
         <input_file_ref idref="fl-119"/>
      </object_component>
      <object_component id="oc-12f">
         <name>.text.Get_battery_volt</name>
         <load_address>0x3994</load_address>
         <readonly>true</readonly>
         <executable>true</executable>
         <run_address>0x3994</run_address>
         <size>0x64</size>
         <alignment>0x4</alignment>
         <input_file_ref idref="fl-9"/>
      </object_component>
      <object_component id="oc-28b">
         <name>.text.__aeabi_dcmp</name>
         <load_address>0x39f8</load_address>
         <readonly>true</readonly>
         <executable>true</executable>
         <run_address>0x39f8</run_address>
         <size>0x62</size>
         <alignment>0x4</alignment>
         <input_file_ref idref="fl-10f"/>
      </object_component>
      <object_component id="oc-ff">
         <name>.text.__aeabi_fcmp</name>
         <load_address>0x3a5c</load_address>
         <readonly>true</readonly>
         <executable>true</executable>
         <run_address>0x3a5c</run_address>
         <size>0x62</size>
         <alignment>0x4</alignment>
         <input_file_ref idref="fl-110"/>
      </object_component>
      <object_component id="oc-18e">
         <name>.text.OLED_Clear</name>
         <load_address>0x3ac0</load_address>
         <readonly>true</readonly>
         <executable>true</executable>
         <run_address>0x3ac0</run_address>
         <size>0x60</size>
         <alignment>0x4</alignment>
         <input_file_ref idref="fl-f"/>
      </object_component>
      <object_component id="oc-17f">
         <name>.text.SYSCFG_DL_UART_1_init</name>
         <load_address>0x3b20</load_address>
         <readonly>true</readonly>
         <executable>true</executable>
         <run_address>0x3b20</run_address>
         <size>0x60</size>
         <alignment>0x4</alignment>
         <input_file_ref idref="fl-2"/>
      </object_component>
      <object_component id="oc-17e">
         <name>.text.SYSCFG_DL_UART_0_init</name>
         <load_address>0x3b80</load_address>
         <readonly>true</readonly>
         <executable>true</executable>
         <run_address>0x3b80</run_address>
         <size>0x5c</size>
         <alignment>0x4</alignment>
         <input_file_ref idref="fl-2"/>
      </object_component>
      <object_component id="oc-1be">
         <name>.text.printf</name>
         <load_address>0x3bdc</load_address>
         <readonly>true</readonly>
         <executable>true</executable>
         <run_address>0x3bdc</run_address>
         <size>0x5c</size>
         <alignment>0x4</alignment>
         <input_file_ref idref="fl-39"/>
      </object_component>
      <object_component id="oc-7f">
         <name>.text.Key</name>
         <load_address>0x3c38</load_address>
         <readonly>true</readonly>
         <executable>true</executable>
         <run_address>0x3c38</run_address>
         <size>0x54</size>
         <alignment>0x4</alignment>
         <input_file_ref idref="fl-5"/>
      </object_component>
      <object_component id="oc-2ae">
         <name>.text.fputs</name>
         <load_address>0x3c8c</load_address>
         <readonly>true</readonly>
         <executable>true</executable>
         <run_address>0x3c8c</run_address>
         <size>0x50</size>
         <alignment>0x4</alignment>
         <input_file_ref idref="fl-a"/>
      </object_component>
      <object_component id="oc-22c">
         <name>.text.DL_ADC12_initSingleSample</name>
         <load_address>0x3cdc</load_address>
         <readonly>true</readonly>
         <executable>true</executable>
         <run_address>0x3cdc</run_address>
         <size>0x4c</size>
         <alignment>0x4</alignment>
         <input_file_ref idref="fl-2"/>
      </object_component>
      <object_component id="oc-278">
         <name>.text.DL_DMA_initChannel</name>
         <load_address>0x3d28</load_address>
         <readonly>true</readonly>
         <executable>true</executable>
         <run_address>0x3d28</run_address>
         <size>0x4c</size>
         <alignment>0x4</alignment>
         <input_file_ref idref="fl-1f"/>
      </object_component>
      <object_component id="oc-21a">
         <name>.text.DL_UART_setBaudRateDivisor</name>
         <load_address>0x3d74</load_address>
         <readonly>true</readonly>
         <executable>true</executable>
         <run_address>0x3d74</run_address>
         <size>0x4c</size>
         <alignment>0x4</alignment>
         <input_file_ref idref="fl-2"/>
      </object_component>
      <object_component id="oc-22d">
         <name>.text.DL_ADC12_configConversionMem</name>
         <load_address>0x3dc0</load_address>
         <readonly>true</readonly>
         <executable>true</executable>
         <run_address>0x3dc0</run_address>
         <size>0x4a</size>
         <alignment>0x2</alignment>
         <input_file_ref idref="fl-2"/>
      </object_component>
      <object_component id="oc-1ba">
         <name>.text.__fixdfsi</name>
         <load_address>0x3e0c</load_address>
         <readonly>true</readonly>
         <executable>true</executable>
         <run_address>0x3e0c</run_address>
         <size>0x4a</size>
         <alignment>0x4</alignment>
         <input_file_ref idref="fl-108"/>
      </object_component>
      <object_component id="oc-79">
         <name>.text.BT_DAMConfig</name>
         <load_address>0x3e58</load_address>
         <readonly>true</readonly>
         <executable>true</executable>
         <run_address>0x3e58</run_address>
         <size>0x48</size>
         <alignment>0x4</alignment>
         <input_file_ref idref="fl-7"/>
      </object_component>
      <object_component id="oc-218">
         <name>.text.DL_UART_init</name>
         <load_address>0x3ea0</load_address>
         <readonly>true</readonly>
         <executable>true</executable>
         <run_address>0x3ea0</run_address>
         <size>0x48</size>
         <alignment>0x4</alignment>
         <input_file_ref idref="fl-21"/>
      </object_component>
      <object_component id="oc-17b">
         <name>.text.SYSCFG_DL_SYSCTL_init</name>
         <load_address>0x3ee8</load_address>
         <readonly>true</readonly>
         <executable>true</executable>
         <run_address>0x3ee8</run_address>
         <size>0x48</size>
         <alignment>0x4</alignment>
         <input_file_ref idref="fl-2"/>
      </object_component>
      <object_component id="oc-3e">
         <name>.text.UART1_IRQHandler</name>
         <load_address>0x3f30</load_address>
         <readonly>true</readonly>
         <executable>true</executable>
         <run_address>0x3f30</run_address>
         <size>0x48</size>
         <alignment>0x4</alignment>
         <input_file_ref idref="fl-7"/>
      </object_component>
      <object_component id="oc-202">
         <name>.text.DL_SYSCTL_switchMCLKfromSYSOSCtoHSCLK</name>
         <load_address>0x3f78</load_address>
         <readonly>true</readonly>
         <executable>true</executable>
         <run_address>0x3f78</run_address>
         <size>0x44</size>
         <alignment>0x4</alignment>
         <input_file_ref idref="fl-22"/>
      </object_component>
      <object_component id="oc-80">
         <name>.text.LED_Flash</name>
         <load_address>0x3fbc</load_address>
         <readonly>true</readonly>
         <executable>true</executable>
         <run_address>0x3fbc</run_address>
         <size>0x44</size>
         <alignment>0x4</alignment>
         <input_file_ref idref="fl-d"/>
      </object_component>
      <object_component id="oc-226">
         <name>.text.DL_ADC12_setClockConfig</name>
         <load_address>0x4000</load_address>
         <readonly>true</readonly>
         <executable>true</executable>
         <run_address>0x4000</run_address>
         <size>0x40</size>
         <alignment>0x4</alignment>
         <input_file_ref idref="fl-1d"/>
      </object_component>
      <object_component id="oc-1a0">
         <name>.text.__aeabi_uidivmod</name>
         <load_address>0x4040</load_address>
         <readonly>true</readonly>
         <executable>true</executable>
         <run_address>0x4040</run_address>
         <size>0x40</size>
         <alignment>0x4</alignment>
         <input_file_ref idref="fl-114"/>
      </object_component>
      <object_component id="oc-d3">
         <name>.text.__extendsfdf2</name>
         <load_address>0x4080</load_address>
         <readonly>true</readonly>
         <executable>true</executable>
         <run_address>0x4080</run_address>
         <size>0x40</size>
         <alignment>0x4</alignment>
         <input_file_ref idref="fl-107"/>
      </object_component>
      <object_component id="oc-207">
         <name>.text.DL_Timer_setCounterControl</name>
         <load_address>0x40c0</load_address>
         <readonly>true</readonly>
         <executable>true</executable>
         <run_address>0x40c0</run_address>
         <size>0x3c</size>
         <alignment>0x4</alignment>
         <input_file_ref idref="fl-2"/>
      </object_component>
      <object_component id="oc-8e">
         <name>.text.__floatsisf</name>
         <load_address>0x40fc</load_address>
         <readonly>true</readonly>
         <executable>true</executable>
         <run_address>0x40fc</run_address>
         <size>0x3c</size>
         <alignment>0x4</alignment>
         <input_file_ref idref="fl-10b"/>
      </object_component>
      <object_component id="oc-16e">
         <name>.text.__gtsf2</name>
         <load_address>0x4138</load_address>
         <readonly>true</readonly>
         <executable>true</executable>
         <run_address>0x4138</run_address>
         <size>0x3c</size>
         <alignment>0x4</alignment>
         <input_file_ref idref="fl-116"/>
      </object_component>
      <object_component id="oc-13f">
         <name>.text:__TI_auto_init_nobinit_nopinit</name>
         <load_address>0x4174</load_address>
         <readonly>true</readonly>
         <executable>true</executable>
         <run_address>0x4174</run_address>
         <size>0x3c</size>
         <alignment>0x4</alignment>
         <input_file_ref idref="fl-4b"/>
      </object_component>
      <object_component id="oc-169">
         <name>.text.__eqsf2</name>
         <load_address>0x41b0</load_address>
         <readonly>true</readonly>
         <executable>true</executable>
         <run_address>0x41b0</run_address>
         <size>0x3a</size>
         <alignment>0x4</alignment>
         <input_file_ref idref="fl-116"/>
      </object_component>
      <object_component id="oc-15e">
         <name>.text.__muldsi3</name>
         <load_address>0x41ec</load_address>
         <readonly>true</readonly>
         <executable>true</executable>
         <run_address>0x41ec</run_address>
         <size>0x3a</size>
         <alignment>0x4</alignment>
         <input_file_ref idref="fl-103"/>
      </object_component>
      <object_component id="oc-123">
         <name>.text.SYSCFG_DL_init</name>
         <load_address>0x4228</load_address>
         <readonly>true</readonly>
         <executable>true</executable>
         <run_address>0x4228</run_address>
         <size>0x38</size>
         <alignment>0x4</alignment>
         <input_file_ref idref="fl-2"/>
      </object_component>
      <object_component id="oc-93">
         <name>.text.__fixsfsi</name>
         <load_address>0x4260</load_address>
         <readonly>true</readonly>
         <executable>true</executable>
         <run_address>0x4260</run_address>
         <size>0x38</size>
         <alignment>0x4</alignment>
         <input_file_ref idref="fl-109"/>
      </object_component>
      <object_component id="oc-1f1">
         <name>.text.DL_GPIO_initDigitalInputFeatures</name>
         <load_address>0x4298</load_address>
         <readonly>true</readonly>
         <executable>true</executable>
         <run_address>0x4298</run_address>
         <size>0x34</size>
         <alignment>0x4</alignment>
         <input_file_ref idref="fl-2"/>
      </object_component>
      <object_component id="oc-17d">
         <name>.text.SYSCFG_DL_TIMER_0_init</name>
         <load_address>0x42cc</load_address>
         <readonly>true</readonly>
         <executable>true</executable>
         <run_address>0x42cc</run_address>
         <size>0x34</size>
         <alignment>0x4</alignment>
         <input_file_ref idref="fl-2"/>
      </object_component>
      <object_component id="oc-192">
         <name>.text.DL_ADC12_getMemResult</name>
         <load_address>0x4300</load_address>
         <readonly>true</readonly>
         <executable>true</executable>
         <run_address>0x4300</run_address>
         <size>0x30</size>
         <alignment>0x4</alignment>
         <input_file_ref idref="fl-9"/>
      </object_component>
      <object_component id="oc-c3">
         <name>.text.DL_DMA_setTransferSize</name>
         <load_address>0x4330</load_address>
         <readonly>true</readonly>
         <executable>true</executable>
         <run_address>0x4330</run_address>
         <size>0x30</size>
         <alignment>0x4</alignment>
         <input_file_ref idref="fl-7"/>
      </object_component>
      <object_component id="oc-187">
         <name>.text.delay_ms</name>
         <load_address>0x4360</load_address>
         <readonly>true</readonly>
         <executable>true</executable>
         <run_address>0x4360</run_address>
         <size>0x30</size>
         <alignment>0x4</alignment>
         <input_file_ref idref="fl-a"/>
      </object_component>
      <object_component id="oc-254">
         <name>.text.oled_pow</name>
         <load_address>0x4390</load_address>
         <readonly>true</readonly>
         <executable>true</executable>
         <run_address>0x4390</run_address>
         <size>0x30</size>
         <alignment>0x2</alignment>
         <input_file_ref idref="fl-f"/>
      </object_component>
      <object_component id="oc-128">
         <name>.text.__NVIC_ClearPendingIRQ</name>
         <load_address>0x43c0</load_address>
         <readonly>true</readonly>
         <executable>true</executable>
         <run_address>0x43c0</run_address>
         <size>0x2c</size>
         <alignment>0x4</alignment>
         <input_file_ref idref="fl-1"/>
      </object_component>
      <object_component id="oc-129">
         <name>.text.__NVIC_EnableIRQ</name>
         <load_address>0x43ec</load_address>
         <readonly>true</readonly>
         <executable>true</executable>
         <run_address>0x43ec</run_address>
         <size>0x2c</size>
         <alignment>0x4</alignment>
         <input_file_ref idref="fl-1"/>
      </object_component>
      <object_component id="oc-193">
         <name>.text.__floatsidf</name>
         <load_address>0x4418</load_address>
         <readonly>true</readonly>
         <executable>true</executable>
         <run_address>0x4418</run_address>
         <size>0x2c</size>
         <alignment>0x4</alignment>
         <input_file_ref idref="fl-10a"/>
      </object_component>
      <object_component id="oc-2af">
         <name>.text.fputc</name>
         <load_address>0x4444</load_address>
         <readonly>true</readonly>
         <executable>true</executable>
         <run_address>0x4444</run_address>
         <size>0x2c</size>
         <alignment>0x4</alignment>
         <input_file_ref idref="fl-a"/>
      </object_component>
      <object_component id="oc-271">
         <name>.text.DL_Common_updateReg</name>
         <load_address>0x4470</load_address>
         <readonly>true</readonly>
         <executable>true</executable>
         <run_address>0x4470</run_address>
         <size>0x28</size>
         <alignment>0x2</alignment>
         <input_file_ref idref="fl-2"/>
      </object_component>
      <object_component id="oc-c2">
         <name>.text.DL_DMA_setDestAddr</name>
         <load_address>0x4498</load_address>
         <readonly>true</readonly>
         <executable>true</executable>
         <run_address>0x4498</run_address>
         <size>0x28</size>
         <alignment>0x4</alignment>
         <input_file_ref idref="fl-7"/>
      </object_component>
      <object_component id="oc-c1">
         <name>.text.DL_DMA_setSrcAddr</name>
         <load_address>0x44c0</load_address>
         <readonly>true</readonly>
         <executable>true</executable>
         <run_address>0x44c0</run_address>
         <size>0x28</size>
         <alignment>0x4</alignment>
         <input_file_ref idref="fl-7"/>
      </object_component>
      <object_component id="oc-234">
         <name>.text.DL_SYSTICK_init</name>
         <load_address>0x44e8</load_address>
         <readonly>true</readonly>
         <executable>true</executable>
         <run_address>0x44e8</run_address>
         <size>0x28</size>
         <alignment>0x4</alignment>
         <input_file_ref idref="fl-2"/>
      </object_component>
      <object_component id="oc-21c">
         <name>.text.DL_UART_setRXFIFOThreshold</name>
         <load_address>0x4510</load_address>
         <readonly>true</readonly>
         <executable>true</executable>
         <run_address>0x4510</run_address>
         <size>0x28</size>
         <alignment>0x4</alignment>
         <input_file_ref idref="fl-2"/>
      </object_component>
      <object_component id="oc-21d">
         <name>.text.DL_UART_setTXFIFOThreshold</name>
         <load_address>0x4538</load_address>
         <readonly>true</readonly>
         <executable>true</executable>
         <run_address>0x4538</run_address>
         <size>0x28</size>
         <alignment>0x4</alignment>
         <input_file_ref idref="fl-2"/>
      </object_component>
      <object_component id="oc-151">
         <name>.text.__floatunsisf</name>
         <load_address>0x4560</load_address>
         <readonly>true</readonly>
         <executable>true</executable>
         <run_address>0x4560</run_address>
         <size>0x28</size>
         <alignment>0x4</alignment>
         <input_file_ref idref="fl-10c"/>
      </object_component>
      <object_component id="oc-63">
         <name>.text:_c_int00_noargs</name>
         <load_address>0x4588</load_address>
         <readonly>true</readonly>
         <executable>true</executable>
         <run_address>0x4588</run_address>
         <size>0x28</size>
         <alignment>0x4</alignment>
         <input_file_ref idref="fl-49"/>
      </object_component>
      <object_component id="oc-c0">
         <name>.text.DL_DMA_disableChannel</name>
         <load_address>0x45b0</load_address>
         <readonly>true</readonly>
         <executable>true</executable>
         <run_address>0x45b0</run_address>
         <size>0x26</size>
         <alignment>0x2</alignment>
         <input_file_ref idref="fl-7"/>
      </object_component>
      <object_component id="oc-c4">
         <name>.text.DL_DMA_enableChannel</name>
         <load_address>0x45d6</load_address>
         <readonly>true</readonly>
         <executable>true</executable>
         <run_address>0x45d6</run_address>
         <size>0x26</size>
         <alignment>0x2</alignment>
         <input_file_ref idref="fl-7"/>
      </object_component>
      <object_component id="oc-39">
         <name>.text.ADC1_IRQHandler</name>
         <load_address>0x45fc</load_address>
         <readonly>true</readonly>
         <executable>true</executable>
         <run_address>0x45fc</run_address>
         <size>0x24</size>
         <alignment>0x4</alignment>
         <input_file_ref idref="fl-9"/>
      </object_component>
      <object_component id="oc-197">
         <name>.text.DL_DMA_getTransferSize</name>
         <load_address>0x4620</load_address>
         <readonly>true</readonly>
         <executable>true</executable>
         <run_address>0x4620</run_address>
         <size>0x24</size>
         <alignment>0x4</alignment>
         <input_file_ref idref="fl-7"/>
      </object_component>
      <object_component id="oc-2c7">
         <name>.text.memccpy</name>
         <load_address>0x4644</load_address>
         <readonly>true</readonly>
         <executable>true</executable>
         <run_address>0x4644</run_address>
         <size>0x22</size>
         <alignment>0x2</alignment>
         <input_file_ref idref="fl-46"/>
      </object_component>
      <object_component id="oc-1ef">
         <name>.text.DL_GPIO_initPeripheralInputFunction</name>
         <load_address>0x4668</load_address>
         <readonly>true</readonly>
         <executable>true</executable>
         <run_address>0x4668</run_address>
         <size>0x20</size>
         <alignment>0x4</alignment>
         <input_file_ref idref="fl-2"/>
      </object_component>
      <object_component id="oc-1f7">
         <name>.text.DL_SYSCTL_setFlashWaitState</name>
         <load_address>0x4688</load_address>
         <readonly>true</readonly>
         <executable>true</executable>
         <run_address>0x4688</run_address>
         <size>0x20</size>
         <alignment>0x4</alignment>
         <input_file_ref idref="fl-2"/>
      </object_component>
      <object_component id="oc-2e7">
         <name>.text.DL_UART_transmitDataBlocking</name>
         <load_address>0x46a8</load_address>
         <readonly>true</readonly>
         <executable>true</executable>
         <run_address>0x46a8</run_address>
         <size>0x20</size>
         <alignment>0x4</alignment>
         <input_file_ref idref="fl-21"/>
      </object_component>
      <object_component id="oc-155">
         <name>.text.keyValue</name>
         <load_address>0x46c8</load_address>
         <readonly>true</readonly>
         <executable>true</executable>
         <run_address>0x46c8</run_address>
         <size>0x20</size>
         <alignment>0x4</alignment>
         <input_file_ref idref="fl-c"/>
      </object_component>
      <object_component id="oc-19f">
         <name>.text.myabs</name>
         <load_address>0x46e8</load_address>
         <readonly>true</readonly>
         <executable>true</executable>
         <run_address>0x46e8</run_address>
         <size>0x20</size>
         <alignment>0x2</alignment>
         <input_file_ref idref="fl-5"/>
      </object_component>
      <object_component id="oc-219">
         <name>.text.DL_UART_setOversampling</name>
         <load_address>0x4708</load_address>
         <readonly>true</readonly>
         <executable>true</executable>
         <run_address>0x4708</run_address>
         <size>0x1e</size>
         <alignment>0x2</alignment>
         <input_file_ref idref="fl-2"/>
      </object_component>
      <object_component id="oc-22f">
         <name>.text.DL_ADC12_clearInterruptStatus</name>
         <load_address>0x4728</load_address>
         <readonly>true</readonly>
         <executable>true</executable>
         <run_address>0x4728</run_address>
         <size>0x1c</size>
         <alignment>0x4</alignment>
         <input_file_ref idref="fl-2"/>
      </object_component>
      <object_component id="oc-230">
         <name>.text.DL_ADC12_enableInterrupt</name>
         <load_address>0x4744</load_address>
         <readonly>true</readonly>
         <executable>true</executable>
         <run_address>0x4744</run_address>
         <size>0x1c</size>
         <alignment>0x4</alignment>
         <input_file_ref idref="fl-2"/>
      </object_component>
      <object_component id="oc-191">
         <name>.text.DL_ADC12_startConversion</name>
         <load_address>0x4760</load_address>
         <readonly>true</readonly>
         <executable>true</executable>
         <run_address>0x4760</run_address>
         <size>0x1c</size>
         <alignment>0x4</alignment>
         <input_file_ref idref="fl-9"/>
      </object_component>
      <object_component id="oc-6c">
         <name>.text.DL_GPIO_clearInterruptStatus</name>
         <load_address>0x477c</load_address>
         <readonly>true</readonly>
         <executable>true</executable>
         <run_address>0x477c</run_address>
         <size>0x1c</size>
         <alignment>0x4</alignment>
         <input_file_ref idref="fl-b"/>
      </object_component>
      <object_component id="oc-1f4">
         <name>.text.DL_GPIO_clearInterruptStatus</name>
         <load_address>0x4798</load_address>
         <readonly>true</readonly>
         <executable>true</executable>
         <run_address>0x4798</run_address>
         <size>0x1c</size>
         <alignment>0x4</alignment>
         <input_file_ref idref="fl-2"/>
      </object_component>
      <object_component id="oc-1f5">
         <name>.text.DL_GPIO_enableInterrupt</name>
         <load_address>0x47b4</load_address>
         <readonly>true</readonly>
         <executable>true</executable>
         <run_address>0x47b4</run_address>
         <size>0x1c</size>
         <alignment>0x4</alignment>
         <input_file_ref idref="fl-2"/>
      </object_component>
      <object_component id="oc-1ed">
         <name>.text.DL_GPIO_initPeripheralOutputFunction</name>
         <load_address>0x47d0</load_address>
         <readonly>true</readonly>
         <executable>true</executable>
         <run_address>0x47d0</run_address>
         <size>0x1c</size>
         <alignment>0x4</alignment>
         <input_file_ref idref="fl-2"/>
      </object_component>
      <object_component id="oc-1f8">
         <name>.text.DL_SYSCTL_setSYSOSCFreq</name>
         <load_address>0x47ec</load_address>
         <readonly>true</readonly>
         <executable>true</executable>
         <run_address>0x47ec</run_address>
         <size>0x1c</size>
         <alignment>0x4</alignment>
         <input_file_ref idref="fl-2"/>
      </object_component>
      <object_component id="oc-201">
         <name>.text.DL_SYSCTL_setULPCLKDivider</name>
         <load_address>0x4808</load_address>
         <readonly>true</readonly>
         <executable>true</executable>
         <run_address>0x4808</run_address>
         <size>0x1c</size>
         <alignment>0x4</alignment>
         <input_file_ref idref="fl-2"/>
      </object_component>
      <object_component id="oc-20f">
         <name>.text.DL_Timer_enableInterrupt</name>
         <load_address>0x4824</load_address>
         <readonly>true</readonly>
         <executable>true</executable>
         <run_address>0x4824</run_address>
         <size>0x1c</size>
         <alignment>0x4</alignment>
         <input_file_ref idref="fl-2"/>
      </object_component>
      <object_component id="oc-209">
         <name>.text.DL_Timer_setCaptCompUpdateMethod</name>
         <load_address>0x4840</load_address>
         <readonly>true</readonly>
         <executable>true</executable>
         <run_address>0x4840</run_address>
         <size>0x1c</size>
         <alignment>0x4</alignment>
         <input_file_ref idref="fl-20"/>
      </object_component>
      <object_component id="oc-205">
         <name>.text.DL_Timer_setClockConfig</name>
         <load_address>0x485c</load_address>
         <readonly>true</readonly>
         <executable>true</executable>
         <run_address>0x485c</run_address>
         <size>0x1c</size>
         <alignment>0x4</alignment>
         <input_file_ref idref="fl-20"/>
      </object_component>
      <object_component id="oc-222">
         <name>.text.DL_UART_enableInterrupt</name>
         <load_address>0x4878</load_address>
         <readonly>true</readonly>
         <executable>true</executable>
         <run_address>0x4878</run_address>
         <size>0x1c</size>
         <alignment>0x4</alignment>
         <input_file_ref idref="fl-2"/>
      </object_component>
      <object_component id="oc-1e8">
         <name>.text.DL_ADC12_enablePower</name>
         <load_address>0x4894</load_address>
         <readonly>true</readonly>
         <executable>true</executable>
         <run_address>0x4894</run_address>
         <size>0x18</size>
         <alignment>0x4</alignment>
         <input_file_ref idref="fl-2"/>
      </object_component>
      <object_component id="oc-1e4">
         <name>.text.DL_ADC12_reset</name>
         <load_address>0x48ac</load_address>
         <readonly>true</readonly>
         <executable>true</executable>
         <run_address>0x48ac</run_address>
         <size>0x18</size>
         <alignment>0x4</alignment>
         <input_file_ref idref="fl-2"/>
      </object_component>
      <object_component id="oc-22e">
         <name>.text.DL_ADC12_setSampleTime0</name>
         <load_address>0x48c4</load_address>
         <readonly>true</readonly>
         <executable>true</executable>
         <run_address>0x48c4</run_address>
         <size>0x18</size>
         <alignment>0x4</alignment>
         <input_file_ref idref="fl-2"/>
      </object_component>
      <object_component id="oc-1ee">
         <name>.text.DL_GPIO_enableOutput</name>
         <load_address>0x48dc</load_address>
         <readonly>true</readonly>
         <executable>true</executable>
         <run_address>0x48dc</run_address>
         <size>0x18</size>
         <alignment>0x4</alignment>
         <input_file_ref idref="fl-2"/>
      </object_component>
      <object_component id="oc-1e5">
         <name>.text.DL_GPIO_enablePower</name>
         <load_address>0x48f4</load_address>
         <readonly>true</readonly>
         <executable>true</executable>
         <run_address>0x48f4</run_address>
         <size>0x18</size>
         <alignment>0x4</alignment>
         <input_file_ref idref="fl-2"/>
      </object_component>
      <object_component id="oc-6a">
         <name>.text.DL_GPIO_getEnabledInterruptStatus</name>
         <load_address>0x490c</load_address>
         <readonly>true</readonly>
         <executable>true</executable>
         <run_address>0x490c</run_address>
         <size>0x18</size>
         <alignment>0x4</alignment>
         <input_file_ref idref="fl-b"/>
      </object_component>
      <object_component id="oc-1f0">
         <name>.text.DL_GPIO_initDigitalOutput</name>
         <load_address>0x4924</load_address>
         <readonly>true</readonly>
         <executable>true</executable>
         <run_address>0x4924</run_address>
         <size>0x18</size>
         <alignment>0x4</alignment>
         <input_file_ref idref="fl-2"/>
      </object_component>
      <object_component id="oc-1e1">
         <name>.text.DL_GPIO_reset</name>
         <load_address>0x493c</load_address>
         <readonly>true</readonly>
         <executable>true</executable>
         <run_address>0x493c</run_address>
         <size>0x18</size>
         <alignment>0x4</alignment>
         <input_file_ref idref="fl-2"/>
      </object_component>
      <object_component id="oc-10d">
         <name>.text.DL_GPIO_setPins</name>
         <load_address>0x4954</load_address>
         <readonly>true</readonly>
         <executable>true</executable>
         <run_address>0x4954</run_address>
         <size>0x18</size>
         <alignment>0x4</alignment>
         <input_file_ref idref="fl-e"/>
      </object_component>
      <object_component id="oc-23a">
         <name>.text.DL_GPIO_setPins</name>
         <load_address>0x496c</load_address>
         <readonly>true</readonly>
         <executable>true</executable>
         <run_address>0x496c</run_address>
         <size>0x18</size>
         <alignment>0x4</alignment>
         <input_file_ref idref="fl-f"/>
      </object_component>
      <object_component id="oc-1f3">
         <name>.text.DL_GPIO_setUpperPinsPolarity</name>
         <load_address>0x4984</load_address>
         <readonly>true</readonly>
         <executable>true</executable>
         <run_address>0x4984</run_address>
         <size>0x18</size>
         <alignment>0x2</alignment>
         <input_file_ref idref="fl-2"/>
      </object_component>
      <object_component id="oc-15d">
         <name>.text.DL_GPIO_togglePins</name>
         <load_address>0x499c</load_address>
         <readonly>true</readonly>
         <executable>true</executable>
         <run_address>0x499c</run_address>
         <size>0x18</size>
         <alignment>0x4</alignment>
         <input_file_ref idref="fl-d"/>
      </object_component>
      <object_component id="oc-1f6">
         <name>.text.DL_SYSCTL_setBORThreshold</name>
         <load_address>0x49b4</load_address>
         <readonly>true</readonly>
         <executable>true</executable>
         <run_address>0x49b4</run_address>
         <size>0x18</size>
         <alignment>0x4</alignment>
         <input_file_ref idref="fl-2"/>
      </object_component>
      <object_component id="oc-1e6">
         <name>.text.DL_Timer_enablePower</name>
         <load_address>0x49cc</load_address>
         <readonly>true</readonly>
         <executable>true</executable>
         <run_address>0x49cc</run_address>
         <size>0x18</size>
         <alignment>0x4</alignment>
         <input_file_ref idref="fl-2"/>
      </object_component>
      <object_component id="oc-1e2">
         <name>.text.DL_Timer_reset</name>
         <load_address>0x49e4</load_address>
         <readonly>true</readonly>
         <executable>true</executable>
         <run_address>0x49e4</run_address>
         <size>0x18</size>
         <alignment>0x4</alignment>
         <input_file_ref idref="fl-2"/>
      </object_component>
      <object_component id="oc-208">
         <name>.text.DL_Timer_setCaptureCompareOutCtl</name>
         <load_address>0x49fc</load_address>
         <readonly>true</readonly>
         <executable>true</executable>
         <run_address>0x49fc</run_address>
         <size>0x18</size>
         <alignment>0x4</alignment>
         <input_file_ref idref="fl-20"/>
      </object_component>
      <object_component id="oc-223">
         <name>.text.DL_UART_enableDMAReceiveEvent</name>
         <load_address>0x4a14</load_address>
         <readonly>true</readonly>
         <executable>true</executable>
         <run_address>0x4a14</run_address>
         <size>0x18</size>
         <alignment>0x4</alignment>
         <input_file_ref idref="fl-2"/>
      </object_component>
      <object_component id="oc-21b">
         <name>.text.DL_UART_enableFIFOs</name>
         <load_address>0x4a2c</load_address>
         <readonly>true</readonly>
         <executable>true</executable>
         <run_address>0x4a2c</run_address>
         <size>0x18</size>
         <alignment>0x2</alignment>
         <input_file_ref idref="fl-2"/>
      </object_component>
      <object_component id="oc-1e7">
         <name>.text.DL_UART_enablePower</name>
         <load_address>0x4a44</load_address>
         <readonly>true</readonly>
         <executable>true</executable>
         <run_address>0x4a44</run_address>
         <size>0x18</size>
         <alignment>0x4</alignment>
         <input_file_ref idref="fl-2"/>
      </object_component>
      <object_component id="oc-2e8">
         <name>.text.DL_UART_isBusy</name>
         <load_address>0x4a5c</load_address>
[...]
         <name>OLED_Init</name>
         <value>0x2809</value>
         <object_component_ref idref="oc-12a"/>
      </symbol>
      <symbol id="sm-31f">
         <name>OLED_RST_Clr</name>
         <value>0x4bf1</value>
         <object_component_ref idref="oc-186"/>
      </symbol>
      <symbol id="sm-320">
         <name>OLED_RST_Set</name>
         <value>0x4c05</value>
         <object_component_ref idref="oc-18c"/>
      </symbol>
      <symbol id="sm-321">
         <name>__TI_ATRegion0_src_addr</name>
         <value>0x0</value>
      </symbol>
      <symbol id="sm-322">
         <name>__TI_ATRegion0_trg_addr</name>
         <value>0x0</value>
      </symbol>
      <symbol id="sm-323">
         <name>__TI_ATRegion0_region_sz</name>
         <value>0x0</value>
      </symbol>
      <symbol id="sm-324">
         <name>__TI_ATRegion1_src_addr</name>
         <value>0x0</value>
      </symbol>
      <symbol id="sm-325">
         <name>__TI_ATRegion1_trg_addr</name>
         <value>0x0</value>
      </symbol>
      <symbol id="sm-326">
         <name>__TI_ATRegion1_region_sz</name>
         <value>0x0</value>
      </symbol>
      <symbol id="sm-327">
         <name>__TI_ATRegion2_src_addr</name>
         <value>0x0</value>
      </symbol>
      <symbol id="sm-328">
         <name>__TI_ATRegion2_trg_addr</name>
         <value>0x0</value>
      </symbol>
      <symbol id="sm-329">
         <name>__TI_ATRegion2_region_sz</name>
         <value>0x0</value>
      </symbol>
      <symbol id="sm-334">
         <name>DL_ADC12_setClockConfig</name>
         <value>0x4001</value>
         <object_component_ref idref="oc-226"/>
      </symbol>
      <symbol id="sm-33d">
         <name>DL_Common_delayCycles</name>
         <value>0x4d9d</value>
         <object_component_ref idref="oc-1e9"/>
      </symbol>
      <symbol id="sm-347">
         <name>DL_DMA_initChannel</name>
         <value>0x3d29</value>
         <object_component_ref idref="oc-278"/>
      </symbol>
      <symbol id="sm-363">
         <name>DL_Timer_setClockConfig</name>
         <value>0x485d</value>
         <object_component_ref idref="oc-205"/>
      </symbol>
      <symbol id="sm-364">
         <name>DL_Timer_initTimerMode</name>
         <value>0x2721</value>
         <object_component_ref idref="oc-20e"/>
      </symbol>
      <symbol id="sm-365">
         <name>DL_Timer_setCaptureCompareValue</name>
         <value>0x4d1d</value>
         <object_component_ref idref="oc-10f"/>
      </symbol>
      <symbol id="sm-366">
         <name>DL_Timer_setCaptCompUpdateMethod</name>
         <value>0x4841</value>
         <object_component_ref idref="oc-209"/>
      </symbol>
      <symbol id="sm-367">
         <name>DL_Timer_setCaptureCompareOutCtl</name>
         <value>0x49fd</value>
         <object_component_ref idref="oc-208"/>
      </symbol>
      <symbol id="sm-368">
         <name>DL_Timer_initFourCCPWMMode</name>
         <value>0x261d</value>
         <object_component_ref idref="oc-206"/>
      </symbol>
      <symbol id="sm-378">
         <name>DL_UART_init</name>
         <value>0x3ea1</value>
         <object_component_ref idref="oc-218"/>
      </symbol>
      <symbol id="sm-379">
         <name>DL_UART_setClockConfig</name>
         <value>0x4cc7</value>
         <object_component_ref idref="oc-212"/>
      </symbol>
      <symbol id="sm-37a">
         <name>DL_UART_transmitDataBlocking</name>
         <value>0x46a9</value>
         <object_component_ref idref="oc-2e7"/>
      </symbol>
      <symbol id="sm-388">
         <name>DL_SYSCTL_configSYSPLL</name>
         <value>0x2ab5</value>
         <object_component_ref idref="oc-1fb"/>
      </symbol>
      <symbol id="sm-389">
         <name>DL_SYSCTL_switchMCLKfromSYSOSCtoHSCLK</name>
         <value>0x3f79</value>
         <object_component_ref idref="oc-202"/>
      </symbol>
      <symbol id="sm-39a">
         <name>printf</name>
         <value>0x3bdd</value>
         <object_component_ref idref="oc-1be"/>
      </symbol>
      <symbol id="sm-3b0">
         <name>__TI_printfi_minimal</name>
         <value>0x15e1</value>
         <object_component_ref idref="oc-2a3"/>
      </symbol>
      <symbol id="sm-3e4">
         <name>pow</name>
         <value>0xc1</value>
         <object_component_ref idref="oc-242"/>
      </symbol>
      <symbol id="sm-3e5">
         <name>powl</name>
         <value>0xc1</value>
         <object_component_ref idref="oc-242"/>
      </symbol>
      <symbol id="sm-3ef">
         <name>sqrt</name>
         <value>0x2061</value>
         <object_component_ref idref="oc-296"/>
      </symbol>
      <symbol id="sm-3f0">
         <name>sqrtl</name>
         <value>0x2061</value>
         <object_component_ref idref="oc-296"/>
      </symbol>
      <symbol id="sm-3fb">
         <name>scalbn</name>
         <value>0x2c6d</value>
         <object_component_ref idref="oc-291"/>
      </symbol>
      <symbol id="sm-3fc">
         <name>ldexp</name>
         <value>0x2c6d</value>
         <object_component_ref idref="oc-291"/>
      </symbol>
      <symbol id="sm-3fd">
         <name>scalbnl</name>
         <value>0x2c6d</value>
         <object_component_ref idref="oc-291"/>
      </symbol>
      <symbol id="sm-3fe">
         <name>ldexpl</name>
         <value>0x2c6d</value>
         <object_component_ref idref="oc-291"/>
      </symbol>
      <symbol id="sm-40a">
         <name>__aeabi_errno_addr</name>
         <value>0x4df5</value>
         <object_component_ref idref="oc-27e"/>
      </symbol>
      <symbol id="sm-40b">
         <name>__aeabi_errno</name>
         <value>0x20200760</value>
         <object_component_ref idref="oc-2b3"/>
      </symbol>
      <symbol id="sm-414">
         <name>_nop</name>
         <value>0x3577</value>
         <object_component_ref idref="oc-265"/>
      </symbol>
      <symbol id="sm-415">
         <name>_lock</name>
         <value>0x20200764</value>
         <object_component_ref idref="oc-1d2"/>
      </symbol>
      <symbol id="sm-416">
         <name>_unlock</name>
         <value>0x20200768</value>
         <object_component_ref idref="oc-1d5"/>
      </symbol>
      <symbol id="sm-41e">
         <name>_ftable</name>
         <value>0x20200648</value>
         <object_component_ref idref="oc-25d"/>
      </symbol>
      <symbol id="sm-427">
         <name>memccpy</name>
         <value>0x4645</value>
         <object_component_ref idref="oc-2c7"/>
      </symbol>
      <symbol id="sm-431">
         <name>strlen</name>
         <value>0x4d69</value>
         <object_component_ref idref="oc-2e3"/>
      </symbol>
      <symbol id="sm-43c">
         <name>_c_int00_noargs</name>
         <value>0x4589</value>
         <object_component_ref idref="oc-63"/>
      </symbol>
      <symbol id="sm-43d">
         <name>__stack</name>
         <value>0x20207e00</value>
         <object_component_ref idref="oc-1a"/>
      </symbol>
      <symbol id="sm-44c">
         <name>__TI_auto_init_nobinit_nopinit</name>
         <value>0x4175</value>
         <object_component_ref idref="oc-13f"/>
      </symbol>
      <symbol id="sm-454">
         <name>_system_pre_init</name>
         <value>0x4e6d</value>
         <object_component_ref idref="oc-ae"/>
      </symbol>
      <symbol id="sm-45f">
         <name>__TI_zero_init</name>
         <value>0x4d3d</value>
         <object_component_ref idref="oc-60"/>
      </symbol>
      <symbol id="sm-468">
         <name>__TI_decompress_none</name>
         <value>0x4ceb</value>
         <object_component_ref idref="oc-20"/>
      </symbol>
      <symbol id="sm-473">
         <name>__TI_decompress_lzss</name>
         <value>0x3675</value>
         <object_component_ref idref="oc-1c"/>
      </symbol>
      <symbol id="sm-47f">
         <name>abort</name>
         <value>0x4e39</value>
         <object_component_ref idref="oc-138"/>
      </symbol>
      <symbol id="sm-488">
         <name>HOSTexit</name>
         <value>0x4e43</value>
         <object_component_ref idref="oc-1cc"/>
      </symbol>
      <symbol id="sm-489">
         <name>C$$EXIT</name>
         <value>0x4e42</value>
         <object_component_ref idref="oc-1cc"/>
      </symbol>
      <symbol id="sm-499">
         <name>__aeabi_fadd</name>
         <value>0x2d4f</value>
         <object_component_ref idref="oc-e4"/>
      </symbol>
      <symbol id="sm-49a">
         <name>__addsf3</name>
         <value>0x2d4f</value>
         <object_component_ref idref="oc-e4"/>
      </symbol>
      <symbol id="sm-49b">
         <name>__aeabi_fsub</name>
         <value>0x2d45</value>
         <object_component_ref idref="oc-e4"/>
      </symbol>
      <symbol id="sm-49c">
         <name>__subsf3</name>
         <value>0x2d45</value>
         <object_component_ref idref="oc-e4"/>
      </symbol>
      <symbol id="sm-4a2">
         <name>__aeabi_dadd</name>
         <value>0x1bd7</value>
         <object_component_ref idref="oc-248"/>
      </symbol>
      <symbol id="sm-4a3">
         <name>__adddf3</name>
         <value>0x1bd7</value>
         <object_component_ref idref="oc-248"/>
      </symbol>
      <symbol id="sm-4a4">
         <name>__aeabi_dsub</name>
         <value>0x1bcd</value>
         <object_component_ref idref="oc-248"/>
      </symbol>
      <symbol id="sm-4a5">
         <name>__subdf3</name>
         <value>0x1bcd</value>
         <object_component_ref idref="oc-248"/>
      </symbol>
      <symbol id="sm-4b1">
         <name>__aeabi_dmul</name>
         <value>0x29d1</value>
         <object_component_ref idref="oc-d7"/>
      </symbol>
      <symbol id="sm-4b2">
         <name>__muldf3</name>
         <value>0x29d1</value>
         <object_component_ref idref="oc-d7"/>
      </symbol>
      <symbol id="sm-4bb">
         <name>__muldsi3</name>
         <value>0x41ed</value>
         <object_component_ref idref="oc-15e"/>
      </symbol>
      <symbol id="sm-4c1">
         <name>__aeabi_fmul</name>
         <value>0x3361</value>
         <object_component_ref idref="oc-cf"/>
      </symbol>
      <symbol id="sm-4c2">
         <name>__mulsf3</name>
         <value>0x3361</value>
         <object_component_ref idref="oc-cf"/>
      </symbol>
      <symbol id="sm-4c8">
         <name>__aeabi_fdiv</name>
         <value>0x34f5</value>
         <object_component_ref idref="oc-e8"/>
      </symbol>
      <symbol id="sm-4c9">
         <name>__divsf3</name>
         <value>0x34f5</value>
         <object_component_ref idref="oc-e8"/>
      </symbol>
      <symbol id="sm-4cf">
         <name>__aeabi_ddiv</name>
         <value>0x2511</value>
         <object_component_ref idref="oc-db"/>
      </symbol>
      <symbol id="sm-4d0">
         <name>__divdf3</name>
         <value>0x2511</value>
         <object_component_ref idref="oc-db"/>
      </symbol>
      <symbol id="sm-4d6">
         <name>__aeabi_f2d</name>
         <value>0x4081</value>
         <object_component_ref idref="oc-d3"/>
      </symbol>
      <symbol id="sm-4d7">
         <name>__extendsfdf2</name>
         <value>0x4081</value>
         <object_component_ref idref="oc-d3"/>
      </symbol>
      <symbol id="sm-4dd">
         <name>__aeabi_d2iz</name>
         <value>0x3e0d</value>
         <object_component_ref idref="oc-1ba"/>
      </symbol>
      <symbol id="sm-4de">
         <name>__fixdfsi</name>
         <value>0x3e0d</value>
         <object_component_ref idref="oc-1ba"/>
      </symbol>
      <symbol id="sm-4e4">
         <name>__aeabi_f2iz</name>
         <value>0x4261</value>
         <object_component_ref idref="oc-93"/>
      </symbol>
      <symbol id="sm-4e5">
         <name>__fixsfsi</name>
         <value>0x4261</value>
         <object_component_ref idref="oc-93"/>
      </symbol>
      <symbol id="sm-4eb">
         <name>__aeabi_i2d</name>
         <value>0x4419</value>
         <object_component_ref idref="oc-193"/>
      </symbol>
      <symbol id="sm-4ec">
         <name>__floatsidf</name>
         <value>0x4419</value>
         <object_component_ref idref="oc-193"/>
      </symbol>
      <symbol id="sm-4f2">
         <name>__aeabi_i2f</name>
         <value>0x40fd</value>
         <object_component_ref idref="oc-8e"/>
      </symbol>
      <symbol id="sm-4f3">
         <name>__floatsisf</name>
         <value>0x40fd</value>
         <object_component_ref idref="oc-8e"/>
      </symbol>
      <symbol id="sm-4f9">
         <name>__aeabi_ui2f</name>
         <value>0x4561</value>
         <object_component_ref idref="oc-151"/>
      </symbol>
      <symbol id="sm-4fa">
         <name>__floatunsisf</name>
         <value>0x4561</value>
         <object_component_ref idref="oc-151"/>
      </symbol>
      <symbol id="sm-501">
         <name>__aeabi_d2f</name>
         <value>0x37e1</value>
         <object_component_ref idref="oc-df"/>
      </symbol>
      <symbol id="sm-502">
         <name>__truncdfsf2</name>
         <value>0x37e1</value>
         <object_component_ref idref="oc-df"/>
      </symbol>
      <symbol id="sm-508">
         <name>__aeabi_dcmpeq</name>
         <value>0x39f9</value>
         <object_component_ref idref="oc-28b"/>
      </symbol>
      <symbol id="sm-509">
         <name>__aeabi_dcmplt</name>
         <value>0x3a0d</value>
         <object_component_ref idref="oc-28b"/>
      </symbol>
      <symbol id="sm-50a">
         <name>__aeabi_dcmple</name>
         <value>0x3a21</value>
         <object_component_ref idref="oc-28b"/>
      </symbol>
      <symbol id="sm-50b">
         <name>__aeabi_dcmpge</name>
         <value>0x3a35</value>
         <object_component_ref idref="oc-28b"/>
      </symbol>
      <symbol id="sm-50c">
         <name>__aeabi_dcmpgt</name>
         <value>0x3a49</value>
         <object_component_ref idref="oc-28b"/>
      </symbol>
      <symbol id="sm-512">
         <name>__aeabi_fcmpeq</name>
         <value>0x3a5d</value>
         <object_component_ref idref="oc-ff"/>
      </symbol>
      <symbol id="sm-513">
         <name>__aeabi_fcmplt</name>
         <value>0x3a71</value>
         <object_component_ref idref="oc-ff"/>
      </symbol>
      <symbol id="sm-514">
         <name>__aeabi_fcmple</name>
         <value>0x3a85</value>
         <object_component_ref idref="oc-ff"/>
      </symbol>
      <symbol id="sm-515">
         <name>__aeabi_fcmpge</name>
         <value>0x3a99</value>
         <object_component_ref idref="oc-ff"/>
      </symbol>
      <symbol id="sm-516">
         <name>__aeabi_fcmpgt</name>
         <value>0x3aad</value>
         <object_component_ref idref="oc-ff"/>
      </symbol>
      <symbol id="sm-51c">
         <name>__aeabi_memcpy</name>
         <value>0x4dfd</value>
         <object_component_ref idref="oc-53"/>
      </symbol>
      <symbol id="sm-51d">
         <name>__aeabi_memcpy4</name>
         <value>0x4dfd</value>
         <object_component_ref idref="oc-53"/>
      </symbol>
      <symbol id="sm-51e">
         <name>__aeabi_memcpy8</name>
         <value>0x4dfd</value>
         <object_component_ref idref="oc-53"/>
      </symbol>
      <symbol id="sm-527">
         <name>__aeabi_memset</name>
         <value>0x4d4d</value>
         <object_component_ref idref="oc-2c6"/>
      </symbol>
      <symbol id="sm-528">
         <name>__aeabi_memset4</name>
         <value>0x4d4d</value>
         <object_component_ref idref="oc-2c6"/>
      </symbol>
      <symbol id="sm-529">
         <name>__aeabi_memset8</name>
         <value>0x4d4d</value>
         <object_component_ref idref="oc-2c6"/>
      </symbol>
      <symbol id="sm-52a">
         <name>__aeabi_memclr</name>
         <value>0x4d91</value>
         <object_component_ref idref="oc-a9"/>
      </symbol>
      <symbol id="sm-52b">
         <name>__aeabi_memclr4</name>
         <value>0x4d91</value>
         <object_component_ref idref="oc-a9"/>
      </symbol>
      <symbol id="sm-52c">
         <name>__aeabi_memclr8</name>
         <value>0x4d91</value>
         <object_component_ref idref="oc-a9"/>
      </symbol>
      <symbol id="sm-532">
         <name>__aeabi_uidiv</name>
         <value>0x4041</value>
         <object_component_ref idref="oc-1a0"/>
      </symbol>
      <symbol id="sm-533">
         <name>__aeabi_uidivmod</name>
         <value>0x4041</value>
         <object_component_ref idref="oc-1a0"/>
      </symbol>
      <symbol id="sm-53c">
         <name>__eqsf2</name>
         <value>0x41b1</value>
         <object_component_ref idref="oc-169"/>
      </symbol>
      <symbol id="sm-53d">
         <name>__lesf2</name>
         <value>0x41b1</value>
         <object_component_ref idref="oc-169"/>
      </symbol>
      <symbol id="sm-53e">
         <name>__ltsf2</name>
         <value>0x41b1</value>
         <object_component_ref idref="oc-169"/>
      </symbol>
      <symbol id="sm-53f">
         <name>__nesf2</name>
         <value>0x41b1</value>
         <object_component_ref idref="oc-169"/>
      </symbol>
      <symbol id="sm-540">
         <name>__cmpsf2</name>
         <value>0x41b1</value>
         <object_component_ref idref="oc-169"/>
      </symbol>
      <symbol id="sm-541">
         <name>__gtsf2</name>
         <value>0x4139</value>
         <object_component_ref idref="oc-16e"/>
      </symbol>
      <symbol id="sm-542">
         <name>__gesf2</name>
         <value>0x4139</value>
         <object_component_ref idref="oc-16e"/>
      </symbol>
      <symbol id="sm-550">
         <name>__ledf2</name>
         <value>0x392d</value>
         <object_component_ref idref="oc-2b7"/>
      </symbol>
      <symbol id="sm-551">
         <name>__gedf2</name>
         <value>0x376d</value>
         <object_component_ref idref="oc-2bd"/>
      </symbol>
      <symbol id="sm-552">
         <name>__cmpdf2</name>
         <value>0x392d</value>
         <object_component_ref idref="oc-2b7"/>
      </symbol>
      <symbol id="sm-553">
         <name>__eqdf2</name>
         <value>0x392d</value>
         <object_component_ref idref="oc-2b7"/>
      </symbol>
      <symbol id="sm-554">
         <name>__ltdf2</name>
         <value>0x392d</value>
         <object_component_ref idref="oc-2b7"/>
      </symbol>
      <symbol id="sm-555">
         <name>__nedf2</name>
         <value>0x392d</value>
         <object_component_ref idref="oc-2b7"/>
      </symbol>
      <symbol id="sm-556">
         <name>__gtdf2</name>
         <value>0x376d</value>
         <object_component_ref idref="oc-2bd"/>
      </symbol>
      <symbol id="sm-560">
         <name>__aeabi_idiv0</name>
         <value>0x1d5f</value>
         <object_component_ref idref="oc-255"/>
      </symbol>
      <symbol id="sm-569">
         <name>TI_memcpy_small</name>
         <value>0x4cd9</value>
         <object_component_ref idref="oc-119"/>
      </symbol>
      <symbol id="sm-572">
         <name>TI_memset_small</name>
         <value>0x4d77</value>
         <object_component_ref idref="oc-173"/>
      </symbol>
      <symbol id="sm-573">
         <name>__TI_static_base__</name>
         <value>0x0</value>
      </symbol>
      <symbol id="sm-577">
         <name>__mpu_init</name>
         <value>0x0</value>
      </symbol>
      <symbol id="sm-578">
         <name>_system_post_cinit</name>
         <value>0x0</value>
      </symbol>
   </symbol_table>
   <title>Link successful</title>
</link_info>
